Java HotSpot(TM) 64-Bit Server VM (25.161-b12) for windows-amd64 JRE (1.8.0_161-b12), built on Dec 19 2017 17:52:25 by "java_re" with MS VC++ 10.0 (VS2010)
Memory: 4k page, physical 16656508k(5395352k free), swap 22415352k(4042400k free)
CommandLine flags: -XX:CMSInitiatingOccupancyFraction=50 -XX:CMSMaxAbortablePrecleanTime=6000 -XX:+CMSParallelRemarkEnabled -XX:+CMSScavengeBeforeRemark -XX:ConcGCThreads=4 -XX:GCLogFileSize=20971520 -XX:InitialHeapSize=536870912 -XX:MaxHeapSize=536870912 -XX:MaxTenuringThreshold=8 -XX:NewRatio=3 -XX:NumberOfGCLogFiles=9 -XX:OldPLABSize=16 -XX:-OmitStackTraceInFastThrow -XX:ParallelGCThreads=4 -XX:+ParallelRefProcEnabled -XX:PretenureSizeThreshold=67108864 -XX:+PrintGC -XX:+PrintGCApplicationStoppedTime -XX:+PrintGCDateStamps -XX:+PrintGCDetails -XX:+PrintGCTimeStamps -XX:+PrintHeapAtGC -XX:+PrintTenuringDistribution -XX:SurvivorRatio=4 -XX:TargetSurvivorRatio=90 -XX:ThreadStackSize=256 -XX:+UseCMSInitiatingOccupancyOnly -XX:+UseCompressedClassPointers -XX:+UseCompressedOops -XX:+UseConcMarkSweepGC -XX:+UseGCLogFileRotation -XX:-UseLargePagesIndividualAllocation -XX:+UseParNewGC 
2018-04-26T10:54:56.016+0200: 0.145: Total time for which application threads were stopped: 0.0001016 seconds, Stopping threads took: 0.0000159 seconds
2018-04-26T10:54:56.058+0200: 0.186: Total time for which application threads were stopped: 0.0000959 seconds, Stopping threads took: 0.0000189 seconds
2018-04-26T10:54:56.207+0200: 0.335: Total time for which application threads were stopped: 0.0001763 seconds, Stopping threads took: 0.0000461 seconds
2018-04-26T10:54:56.529+0200: 0.658: Total time for which application threads were stopped: 0.0001182 seconds, Stopping threads took: 0.0000121 seconds
2018-04-26T10:54:56.795+0200: 0.923: Total time for which application threads were stopped: 0.0001726 seconds, Stopping threads took: 0.0000151 seconds
2018-04-26T10:54:56.901+0200: 1.029: Total time for which application threads were stopped: 0.0001756 seconds, Stopping threads took: 0.0000162 seconds
2018-04-26T10:54:56.931+0200: 1.059: Total time for which application threads were stopped: 0.0001684 seconds, Stopping threads took: 0.0000219 seconds
2018-04-26T10:54:57.333+0200: 1.461: Total time for which application threads were stopped: 0.0002367 seconds, Stopping threads took: 0.0000287 seconds
2018-04-26T10:54:57.349+0200: 1.477: Total time for which application threads were stopped: 0.0001593 seconds, Stopping threads took: 0.0000177 seconds
2018-04-26T10:54:57.383+0200: 1.511: Total time for which application threads were stopped: 0.0001639 seconds, Stopping threads took: 0.0000143 seconds
2018-04-26T10:54:57.480+0200: 1.608: Total time for which application threads were stopped: 0.0001956 seconds, Stopping threads took: 0.0000136 seconds
{Heap before GC invocations=0 (full 0):
 par new generation   total 109248K, used 87424K [0x00000000e0000000, 0x00000000e8000000, 0x00000000e8000000)
  eden space 87424K, 100% used [0x00000000e0000000, 0x00000000e5560000, 0x00000000e5560000)
  from space 21824K,   0% used [0x00000000e5560000, 0x00000000e5560000, 0x00000000e6ab0000)
  to   space 21824K,   0% used [0x00000000e6ab0000, 0x00000000e6ab0000, 0x00000000e8000000)
 concurrent mark-sweep generation total 393216K, used 0K [0x00000000e8000000, 0x0000000100000000, 0x0000000100000000)
 Metaspace       used 16949K, capacity 17306K, committed 17536K, reserved 1064960K
  class space    used 1973K, capacity 2113K, committed 2176K, reserved 1048576K
2018-04-26T10:54:57.584+0200: 1.712: [GC (Allocation Failure) 2018-04-26T10:54:57.584+0200: 1.712: [ParNew
Desired survivor size 20112992 bytes, new threshold 8 (max 8)
- age   1:    9412808 bytes,    9412808 total
: 87424K->9289K(109248K), 0.0081705 secs] 87424K->9289K(502464K), 0.0083853 secs] [Times: user=0.05 sys=0.00, real=0.01 secs] 
Heap after GC invocations=1 (full 0):
 par new generation   total 109248K, used 9289K [0x00000000e0000000, 0x00000000e8000000, 0x00000000e8000000)
  eden space 87424K,   0% used [0x00000000e0000000, 0x00000000e0000000, 0x00000000e5560000)
  from space 21824K,  42% used [0x00000000e6ab0000, 0x00000000e73c2548, 0x00000000e8000000)
  to   space 21824K,   0% used [0x00000000e5560000, 0x00000000e5560000, 0x00000000e6ab0000)
 concurrent mark-sweep generation total 393216K, used 0K [0x00000000e8000000, 0x0000000100000000, 0x0000000100000000)
 Metaspace       used 16949K, capacity 17306K, committed 17536K, reserved 1064960K
  class space    used 1973K, capacity 2113K, committed 2176K, reserved 1048576K
}
2018-04-26T10:54:57.592+0200: 1.720: Total time for which application threads were stopped: 0.0085971 seconds, Stopping threads took: 0.0000193 seconds
2018-04-26T10:54:57.647+0200: 1.775: Total time for which application threads were stopped: 0.0002114 seconds, Stopping threads took: 0.0000155 seconds
2018-04-26T10:54:57.648+0200: 1.776: Total time for which application threads were stopped: 0.0001918 seconds, Stopping threads took: 0.0000155 seconds
2018-04-26T10:54:57.650+0200: 1.779: Total time for which application threads were stopped: 0.0002062 seconds, Stopping threads took: 0.0000162 seconds
2018-04-26T10:54:57.800+0200: 1.928: Total time for which application threads were stopped: 0.0002832 seconds, Stopping threads took: 0.0000223 seconds
2018-04-26T10:54:58.034+0200: 2.163: Total time for which application threads were stopped: 0.0002998 seconds, Stopping threads took: 0.0000253 seconds
2018-04-26T10:54:58.091+0200: 2.219: Total time for which application threads were stopped: 0.0000895 seconds, Stopping threads took: 0.0000223 seconds
2018-04-26T10:54:58.149+0200: 2.277: Total time for which application threads were stopped: 0.0000876 seconds, Stopping threads took: 0.0000177 seconds
2018-04-26T10:54:58.185+0200: 2.313: Total time for which application threads were stopped: 0.0000631 seconds, Stopping threads took: 0.0000238 seconds
2018-04-26T10:54:58.209+0200: 2.337: Total time for which application threads were stopped: 0.0000933 seconds, Stopping threads took: 0.0000227 seconds
2018-04-26T10:54:58.230+0200: 2.358: Total time for which application threads were stopped: 0.0000608 seconds, Stopping threads took: 0.0000166 seconds
2018-04-26T10:54:58.262+0200: 2.391: Total time for which application threads were stopped: 0.0000642 seconds, Stopping threads took: 0.0000170 seconds
2018-04-26T10:54:58.301+0200: 2.429: Total time for which application threads were stopped: 0.0000646 seconds, Stopping threads took: 0.0000177 seconds
2018-04-26T10:54:58.329+0200: 2.458: Total time for which application threads were stopped: 0.0002771 seconds, Stopping threads took: 0.0000215 seconds
2018-04-26T10:54:58.331+0200: 2.460: Total time for which application threads were stopped: 0.0000834 seconds, Stopping threads took: 0.0000310 seconds
{Heap before GC invocations=1 (full 0):
 par new generation   total 109248K, used 96713K [0x00000000e0000000, 0x00000000e8000000, 0x00000000e8000000)
  eden space 87424K, 100% used [0x00000000e0000000, 0x00000000e5560000, 0x00000000e5560000)
  from space 21824K,  42% used [0x00000000e6ab0000, 0x00000000e73c2548, 0x00000000e8000000)
  to   space 21824K,   0% used [0x00000000e5560000, 0x00000000e5560000, 0x00000000e6ab0000)
 concurrent mark-sweep generation total 393216K, used 0K [0x00000000e8000000, 0x0000000100000000, 0x0000000100000000)
 Metaspace       used 23168K, capacity 23764K, committed 23876K, reserved 1071104K
  class space    used 2768K, capacity 2980K, committed 3020K, reserved 1048576K
2018-04-26T10:54:58.441+0200: 2.570: [GC (Allocation Failure) 2018-04-26T10:54:58.441+0200: 2.570: [ParNew
Desired survivor size 20112992 bytes, new threshold 8 (max 8)
- age   1:    8908816 bytes,    8908816 total
- age   2:    4328528 bytes,   13237344 total
: 96713K->15287K(109248K), 0.0093123 secs] 96713K->15287K(502464K), 0.0094558 secs] [Times: user=0.06 sys=0.00, real=0.01 secs] 
Heap after GC invocations=2 (full 0):
 par new generation   total 109248K, used 15287K [0x00000000e0000000, 0x00000000e8000000, 0x00000000e8000000)
  eden space 87424K,   0% used [0x00000000e0000000, 0x00000000e0000000, 0x00000000e5560000)
  from space 21824K,  70% used [0x00000000e5560000, 0x00000000e644dc50, 0x00000000e6ab0000)
  to   space 21824K,   0% used [0x00000000e6ab0000, 0x00000000e6ab0000, 0x00000000e8000000)
 concurrent mark-sweep generation total 393216K, used 0K [0x00000000e8000000, 0x0000000100000000, 0x0000000100000000)
 Metaspace       used 23168K, capacity 23764K, committed 23876K, reserved 1071104K
  class space    used 2768K, capacity 2980K, committed 3020K, reserved 1048576K
}
2018-04-26T10:54:58.450+0200: 2.579: Total time for which application threads were stopped: 0.0097356 seconds, Stopping threads took: 0.0000321 seconds
2018-04-26T10:54:58.451+0200: 2.579: [GC (CMS Initial Mark) [1 CMS-initial-mark: 0K(393216K)] 15714K(502464K), 0.0024656 secs] [Times: user=0.00 sys=0.00, real=0.00 secs] 
2018-04-26T10:54:58.453+0200: 2.582: Total time for which application threads were stopped: 0.0025895 seconds, Stopping threads took: 0.0000223 seconds
2018-04-26T10:54:58.453+0200: 2.582: [CMS-concurrent-mark-start]
2018-04-26T10:54:58.455+0200: 2.583: [CMS-concurrent-mark: 0.002/0.002 secs] [Times: user=0.00 sys=0.00, real=0.00 secs] 
2018-04-26T10:54:58.455+0200: 2.583: [CMS-concurrent-preclean-start]
2018-04-26T10:54:58.456+0200: 2.585: [CMS-concurrent-preclean: 0.001/0.001 secs] [Times: user=0.00 sys=0.00, real=0.00 secs] 
2018-04-26T10:54:58.467+0200: 2.595: [GC (CMS Final Remark) [YG occupancy: 21899 K (109248 K)]{Heap before GC invocations=2 (full 1):
 par new generation   total 109248K, used 21899K [0x00000000e0000000, 0x00000000e8000000, 0x00000000e8000000)
  eden space 87424K,   7% used [0x00000000e0000000, 0x00000000e06750a0, 0x00000000e5560000)
  from space 21824K,  70% used [0x00000000e5560000, 0x00000000e644dc50, 0x00000000e6ab0000)
  to   space 21824K,   0% used [0x00000000e6ab0000, 0x00000000e6ab0000, 0x00000000e8000000)
 concurrent mark-sweep generation total 393216K, used 0K [0x00000000e8000000, 0x0000000100000000, 0x0000000100000000)
 Metaspace       used 23209K, capacity 23828K, committed 23952K, reserved 1071104K
  class space    used 2772K, capacity 2980K, committed 3020K, reserved 1048576K
2018-04-26T10:54:58.467+0200: 2.595: [GC (CMS Final Remark) 2018-04-26T10:54:58.467+0200: 2.595: [ParNew
Desired survivor size 20112992 bytes, new threshold 8 (max 8)
- age   1:     347424 bytes,     347424 total
- age   2:    4360608 bytes,    4708032 total
- age   3:    4327120 bytes,    9035152 total
: 21899K->13856K(109248K), 0.0078269 secs] 21899K->13856K(502464K), 0.0078850 secs] [Times: user=0.00 sys=0.00, real=0.01 secs] 
Heap after GC invocations=3 (full 1):
 par new generation   total 109248K, used 13856K [0x00000000e0000000, 0x00000000e8000000, 0x00000000e8000000)
  eden space 87424K,   0% used [0x00000000e0000000, 0x00000000e0000000, 0x00000000e5560000)
  from space 21824K,  63% used [0x00000000e6ab0000, 0x00000000e78380b0, 0x00000000e8000000)
  to   space 21824K,   0% used [0x00000000e5560000, 0x00000000e5560000, 0x00000000e6ab0000)
 concurrent mark-sweep generation total 393216K, used 0K [0x00000000e8000000, 0x0000000100000000, 0x0000000100000000)
 Metaspace       used 23209K, capacity 23828K, committed 23952K, reserved 1071104K
  class space    used 2772K, capacity 2980K, committed 3020K, reserved 1048576K
}
2018-04-26T10:54:58.475+0200: 2.603: [Rescan (parallel) , 0.0029863 secs]2018-04-26T10:54:58.479+0200: 2.606: [weak refs processing, 0.0002753 secs]2018-04-26T10:54:58.479+0200: 2.606: [class unloading, 0.0037694 secs]2018-04-26T10:54:58.483+0200: 2.610: [scrub symbol table, 0.0048957 secs]2018-04-26T10:54:58.488+0200: 2.615: [scrub string table, 0.0003209 secs][1 CMS-remark: 0K(393216K)] 13856K(502464K), 0.0209018 secs] [Times: user=0.06 sys=0.00, real=0.02 secs] 
2018-04-26T10:54:58.488+0200: 2.616: Total time for which application threads were stopped: 0.0218212 seconds, Stopping threads took: 0.0008099 seconds
2018-04-26T10:54:58.502+0200: 2.629: [CMS-concurrent-sweep-start]
2018-04-26T10:54:58.502+0200: 2.629: [CMS-concurrent-sweep: 0.000/0.000 secs] [Times: user=0.00 sys=0.00, real=0.00 secs] 
2018-04-26T10:54:58.502+0200: 2.629: [CMS-concurrent-reset-start]
2018-04-26T10:54:58.503+0200: 2.631: [CMS-concurrent-reset: 0.002/0.002 secs] [Times: user=0.00 sys=0.00, real=0.00 secs] 
2018-04-26T10:54:58.598+0200: 2.726: Total time for which application threads were stopped: 0.0003372 seconds, Stopping threads took: 0.0000249 seconds
2018-04-26T10:54:58.637+0200: 2.765: Total time for which application threads were stopped: 0.0005075 seconds, Stopping threads took: 0.0001356 seconds
2018-04-26T10:54:58.820+0200: 2.948: Total time for which application threads were stopped: 0.0010293 seconds, Stopping threads took: 0.0005834 seconds
{Heap before GC invocations=3 (full 1):
 par new generation   total 109248K, used 101280K [0x00000000e0000000, 0x00000000e8000000, 0x00000000e8000000)
  eden space 87424K, 100% used [0x00000000e0000000, 0x00000000e5560000, 0x00000000e5560000)
  from space 21824K,  63% used [0x00000000e6ab0000, 0x00000000e78380b0, 0x00000000e8000000)
  to   space 21824K,   0% used [0x00000000e5560000, 0x00000000e5560000, 0x00000000e6ab0000)
 concurrent mark-sweep generation total 393216K, used 0K [0x00000000e8000000, 0x0000000100000000, 0x0000000100000000)
 Metaspace       used 25572K, capacity 26160K, committed 26384K, reserved 1073152K
  class space    used 3072K, capacity 3292K, committed 3404K, reserved 1048576K
2018-04-26T10:54:58.863+0200: 2.991: [GC (Allocation Failure) 2018-04-26T10:54:58.863+0200: 2.991: [ParNew
Desired survivor size 20112992 bytes, new threshold 8 (max 8)
- age   1:    3797960 bytes,    3797960 total
- age   2:       5120 bytes,    3803080 total
- age   3:    4340216 bytes,    8143296 total
- age   4:    4276768 bytes,   12420064 total
: 101280K->13686K(109248K), 0.0081036 secs] 101280K->13686K(502464K), 0.0081878 secs] [Times: user=0.06 sys=0.00, real=0.01 secs] 
Heap after GC invocations=4 (full 1):
 par new generation   total 109248K, used 13686K [0x00000000e0000000, 0x00000000e8000000, 0x00000000e8000000)
  eden space 87424K,   0% used [0x00000000e0000000, 0x00000000e0000000, 0x00000000e5560000)
  from space 21824K,  62% used [0x00000000e5560000, 0x00000000e62bdbb0, 0x00000000e6ab0000)
  to   space 21824K,   0% used [0x00000000e6ab0000, 0x00000000e6ab0000, 0x00000000e8000000)
 concurrent mark-sweep generation total 393216K, used 0K [0x00000000e8000000, 0x0000000100000000, 0x0000000100000000)
 Metaspace       used 25572K, capacity 26160K, committed 26384K, reserved 1073152K
  class space    used 3072K, capacity 3292K, committed 3404K, reserved 1048576K
}
2018-04-26T10:54:58.872+0200: 2.999: Total time for which application threads were stopped: 0.0084253 seconds, Stopping threads took: 0.0000378 seconds
{Heap before GC invocations=4 (full 1):
 par new generation   total 109248K, used 101110K [0x00000000e0000000, 0x00000000e8000000, 0x00000000e8000000)
  eden space 87424K, 100% used [0x00000000e0000000, 0x00000000e5560000, 0x00000000e5560000)
  from space 21824K,  62% used [0x00000000e5560000, 0x00000000e62bdbb0, 0x00000000e6ab0000)
  to   space 21824K,   0% used [0x00000000e6ab0000, 0x00000000e6ab0000, 0x00000000e8000000)
 concurrent mark-sweep generation total 393216K, used 0K [0x00000000e8000000, 0x0000000100000000, 0x0000000100000000)
 Metaspace       used 26301K, capacity 26890K, committed 27280K, reserved 1073152K
  class space    used 3184K, capacity 3405K, committed 3532K, reserved 1048576K
2018-04-26T10:54:59.045+0200: 3.173: [GC (Allocation Failure) 2018-04-26T10:54:59.045+0200: 3.173: [ParNew
Desired survivor size 20112992 bytes, new threshold 8 (max 8)
- age   1:    1332816 bytes,    1332816 total
- age   2:    2160200 bytes,    3493016 total
- age   3:       5120 bytes,    3498136 total
- age   4:    4321760 bytes,    7819896 total
- age   5:    4274288 bytes,   12094184 total
: 101110K->18096K(109248K), 0.0081395 secs] 101110K->18096K(502464K), 0.0082290 secs] [Times: user=0.00 sys=0.00, real=0.01 secs] 
Heap after GC invocations=5 (full 1):
 par new generation   total 109248K, used 18096K [0x00000000e0000000, 0x00000000e8000000, 0x00000000e8000000)
  eden space 87424K,   0% used [0x00000000e0000000, 0x00000000e0000000, 0x00000000e5560000)
  from space 21824K,  82% used [0x00000000e6ab0000, 0x00000000e7c5c290, 0x00000000e8000000)
  to   space 21824K,   0% used [0x00000000e5560000, 0x00000000e5560000, 0x00000000e6ab0000)
 concurrent mark-sweep generation total 393216K, used 0K [0x00000000e8000000, 0x0000000100000000, 0x0000000100000000)
 Metaspace       used 26301K, capacity 26890K, committed 27280K, reserved 1073152K
  class space    used 3184K, capacity 3405K, committed 3532K, reserved 1048576K
}
2018-04-26T10:54:59.053+0200: 3.181: Total time for which application threads were stopped: 0.0093889 seconds, Stopping threads took: 0.0009447 seconds
{Heap before GC invocations=5 (full 1):
 par new generation   total 109248K, used 105520K [0x00000000e0000000, 0x00000000e8000000, 0x00000000e8000000)
  eden space 87424K, 100% used [0x00000000e0000000, 0x00000000e5560000, 0x00000000e5560000)
  from space 21824K,  82% used [0x00000000e6ab0000, 0x00000000e7c5c290, 0x00000000e8000000)
  to   space 21824K,   0% used [0x00000000e5560000, 0x00000000e5560000, 0x00000000e6ab0000)
 concurrent mark-sweep generation total 393216K, used 0K [0x00000000e8000000, 0x0000000100000000, 0x0000000100000000)
 Metaspace       used 27307K, capacity 27874K, committed 28176K, reserved 1073152K
  class space    used 3312K, capacity 3537K, committed 3660K, reserved 1048576K
2018-04-26T10:54:59.196+0200: 3.324: [GC (Allocation Failure) 2018-04-26T10:54:59.196+0200: 3.324: [ParNew
Desired survivor size 20112992 bytes, new threshold 8 (max 8)
- age   1:    1497552 bytes,    1497552 total
- age   2:     251200 bytes,    1748752 total
- age   3:    2160232 bytes,    3908984 total
- age   4:       5144 bytes,    3914128 total
- age   5:    4315984 bytes,    8230112 total
- age   6:    4274392 bytes,   12504504 total
: 105520K->15229K(109248K), 0.0081391 secs] 105520K->15229K(502464K), 0.0082679 secs] [Times: user=0.05 sys=0.00, real=0.01 secs] 
Heap after GC invocations=6 (full 1):
 par new generation   total 109248K, used 15229K [0x00000000e0000000, 0x00000000e8000000, 0x00000000e8000000)
  eden space 87424K,   0% used [0x00000000e0000000, 0x00000000e0000000, 0x00000000e5560000)
  from space 21824K,  69% used [0x00000000e5560000, 0x00000000e643f448, 0x00000000e6ab0000)
  to   space 21824K,   0% used [0x00000000e6ab0000, 0x00000000e6ab0000, 0x00000000e8000000)
 concurrent mark-sweep generation total 393216K, used 0K [0x00000000e8000000, 0x0000000100000000, 0x0000000100000000)
 Metaspace       used 27307K, capacity 27874K, committed 28176K, reserved 1073152K
  class space    used 3312K, capacity 3537K, committed 3660K, reserved 1048576K
}
2018-04-26T10:54:59.204+0200: 3.332: Total time for which application threads were stopped: 0.0085307 seconds, Stopping threads took: 0.0000491 seconds
{Heap before GC invocations=6 (full 1):
 par new generation   total 109248K, used 102653K [0x00000000e0000000, 0x00000000e8000000, 0x00000000e8000000)
  eden space 87424K, 100% used [0x00000000e0000000, 0x00000000e5560000, 0x00000000e5560000)
  from space 21824K,  69% used [0x00000000e5560000, 0x00000000e643f448, 0x00000000e6ab0000)
  to   space 21824K,   0% used [0x00000000e6ab0000, 0x00000000e6ab0000, 0x00000000e8000000)
 concurrent mark-sweep generation total 393216K, used 0K [0x00000000e8000000, 0x0000000100000000, 0x0000000100000000)
 Metaspace       used 27585K, capacity 28296K, committed 28432K, reserved 1075200K
  class space    used 3347K, capacity 3570K, committed 3660K, reserved 1048576K
2018-04-26T10:54:59.350+0200: 3.478: [GC (Allocation Failure) 2018-04-26T10:54:59.350+0200: 3.478: [ParNew
Desired survivor size 20112992 bytes, new threshold 8 (max 8)
- age   1:     903696 bytes,     903696 total
- age   2:     377360 bytes,    1281056 total
- age   3:     250728 bytes,    1531784 total
- age   4:    2159912 bytes,    3691696 total
- age   5:       5120 bytes,    3696816 total
- age   6:    4315528 bytes,    8012344 total
- age   7:    4273872 bytes,   12286216 total
: 102653K->18449K(109248K), 0.0087603 secs] 102653K->18449K(502464K), 0.0088501 secs] [Times: user=0.06 sys=0.00, real=0.01 secs] 
Heap after GC invocations=7 (full 1):
 par new generation   total 109248K, used 18449K [0x00000000e0000000, 0x00000000e8000000, 0x00000000e8000000)
  eden space 87424K,   0% used [0x00000000e0000000, 0x00000000e0000000, 0x00000000e5560000)
  from space 21824K,  84% used [0x00000000e6ab0000, 0x00000000e7cb44d8, 0x00000000e8000000)
  to   space 21824K,   0% used [0x00000000e5560000, 0x00000000e5560000, 0x00000000e6ab0000)
 concurrent mark-sweep generation total 393216K, used 0K [0x00000000e8000000, 0x0000000100000000, 0x0000000100000000)
 Metaspace       used 27585K, capacity 28296K, committed 28432K, reserved 1075200K
  class space    used 3347K, capacity 3570K, committed 3660K, reserved 1048576K
}
2018-04-26T10:54:59.359+0200: 3.487: Total time for which application threads were stopped: 0.0093893 seconds, Stopping threads took: 0.0003228 seconds
2018-04-26T10:54:59.534+0200: 3.661: Total time for which application threads were stopped: 0.0004546 seconds, Stopping threads took: 0.0000227 seconds
2018-04-26T10:54:59.792+0200: 3.920: Total time for which application threads were stopped: 0.0004852 seconds, Stopping threads took: 0.0000257 seconds
{Heap before GC invocations=7 (full 1):
 par new generation   total 109248K, used 105873K [0x00000000e0000000, 0x00000000e8000000, 0x00000000e8000000)
  eden space 87424K, 100% used [0x00000000e0000000, 0x00000000e5560000, 0x00000000e5560000)
  from space 21824K,  84% used [0x00000000e6ab0000, 0x00000000e7cb44d8, 0x00000000e8000000)
  to   space 21824K,   0% used [0x00000000e5560000, 0x00000000e5560000, 0x00000000e6ab0000)
 concurrent mark-sweep generation total 393216K, used 0K [0x00000000e8000000, 0x0000000100000000, 0x0000000100000000)
 Metaspace       used 30066K, capacity 30838K, committed 30992K, reserved 1077248K
  class space    used 3658K, capacity 3895K, committed 3916K, reserved 1048576K
2018-04-26T10:54:59.877+0200: 4.005: [GC (Allocation Failure) 2018-04-26T10:54:59.878+0200: 4.005: [ParNew
Desired survivor size 20112992 bytes, new threshold 8 (max 8)
- age   1:    3440672 bytes,    3440672 total
- age   2:     117272 bytes,    3557944 total
- age   3:     369488 bytes,    3927432 total
- age   4:     249632 bytes,    4177064 total
- age   5:     729840 bytes,    4906904 total
- age   6:       5088 bytes,    4911992 total
- age   7:    4310664 bytes,    9222656 total
- age   8:    4272960 bytes,   13495616 total
: 105873K->15496K(109248K), 0.0088124 secs] 105873K->15496K(502464K), 0.0088969 secs] [Times: user=0.06 sys=0.00, real=0.01 secs] 
Heap after GC invocations=8 (full 1):
 par new generation   total 109248K, used 15496K [0x00000000e0000000, 0x00000000e8000000, 0x00000000e8000000)
  eden space 87424K,   0% used [0x00000000e0000000, 0x00000000e0000000, 0x00000000e5560000)
  from space 21824K,  71% used [0x00000000e5560000, 0x00000000e64822b8, 0x00000000e6ab0000)
  to   space 21824K,   0% used [0x00000000e6ab0000, 0x00000000e6ab0000, 0x00000000e8000000)
 concurrent mark-sweep generation total 393216K, used 0K [0x00000000e8000000, 0x0000000100000000, 0x0000000100000000)
 Metaspace       used 30066K, capacity 30838K, committed 30992K, reserved 1077248K
  class space    used 3658K, capacity 3895K, committed 3916K, reserved 1048576K
}
2018-04-26T10:54:59.886+0200: 4.014: Total time for which application threads were stopped: 0.0091526 seconds, Stopping threads took: 0.0000313 seconds
2018-04-26T10:54:59.957+0200: 4.085: Total time for which application threads were stopped: 0.0006834 seconds, Stopping threads took: 0.0000736 seconds
2018-04-26T10:54:59.977+0200: 4.105: Total time for which application threads were stopped: 0.0001099 seconds, Stopping threads took: 0.0000230 seconds
2018-04-26T10:54:59.980+0200: 4.108: Total time for which application threads were stopped: 0.0000993 seconds, Stopping threads took: 0.0000234 seconds
2018-04-26T10:54:59.981+0200: 4.108: Total time for which application threads were stopped: 0.0002084 seconds, Stopping threads took: 0.0001556 seconds
2018-04-26T10:54:59.983+0200: 4.111: Total time for which application threads were stopped: 0.0001042 seconds, Stopping threads took: 0.0000208 seconds
2018-04-26T10:54:59.984+0200: 4.112: Total time for which application threads were stopped: 0.0001016 seconds, Stopping threads took: 0.0000261 seconds
2018-04-26T10:54:59.985+0200: 4.112: Total time for which application threads were stopped: 0.0005686 seconds, Stopping threads took: 0.0004995 seconds
2018-04-26T10:54:59.985+0200: 4.113: Total time for which application threads were stopped: 0.0002232 seconds, Stopping threads took: 0.0001601 seconds
2018-04-26T10:54:59.985+0200: 4.113: Total time for which application threads were stopped: 0.0000672 seconds, Stopping threads took: 0.0000181 seconds
2018-04-26T10:54:59.985+0200: 4.113: Total time for which application threads were stopped: 0.0000725 seconds, Stopping threads took: 0.0000125 seconds
2018-04-26T10:54:59.986+0200: 4.114: Total time for which application threads were stopped: 0.0005535 seconds, Stopping threads took: 0.0004897 seconds
2018-04-26T10:54:59.986+0200: 4.114: Total time for which application threads were stopped: 0.0000695 seconds, Stopping threads took: 0.0000238 seconds
2018-04-26T10:54:59.986+0200: 4.114: Total time for which application threads were stopped: 0.0000642 seconds, Stopping threads took: 0.0000106 seconds
2018-04-26T10:54:59.992+0200: 4.120: Total time for which application threads were stopped: 0.0001091 seconds, Stopping threads took: 0.0000325 seconds
2018-04-26T10:54:59.993+0200: 4.121: Total time for which application threads were stopped: 0.0004350 seconds, Stopping threads took: 0.0003719 seconds
2018-04-26T10:54:59.995+0200: 4.123: Total time for which application threads were stopped: 0.0001121 seconds, Stopping threads took: 0.0000321 seconds
2018-04-26T10:54:59.997+0200: 4.124: Total time for which application threads were stopped: 0.0000800 seconds, Stopping threads took: 0.0000227 seconds
2018-04-26T10:54:59.997+0200: 4.125: Total time for which application threads were stopped: 0.0001831 seconds, Stopping threads took: 0.0000555 seconds
2018-04-26T10:54:59.999+0200: 4.127: Total time for which application threads were stopped: 0.0001125 seconds, Stopping threads took: 0.0000227 seconds
2018-04-26T10:55:00.000+0200: 4.127: Total time for which application threads were stopped: 0.0000729 seconds, Stopping threads took: 0.0000155 seconds
2018-04-26T10:55:00.000+0200: 4.128: Total time for which application threads were stopped: 0.0000631 seconds, Stopping threads took: 0.0000189 seconds
2018-04-26T10:55:00.000+0200: 4.128: Total time for which application threads were stopped: 0.0000532 seconds, Stopping threads took: 0.0000094 seconds
2018-04-26T10:55:00.000+0200: 4.128: Total time for which application threads were stopped: 0.0000544 seconds, Stopping threads took: 0.0000091 seconds
2018-04-26T10:55:00.000+0200: 4.128: Total time for which application threads were stopped: 0.0000733 seconds, Stopping threads took: 0.0000147 seconds
2018-04-26T10:55:00.005+0200: 4.133: Total time for which application threads were stopped: 0.0000978 seconds, Stopping threads took: 0.0000238 seconds
2018-04-26T10:55:00.005+0200: 4.133: Total time for which application threads were stopped: 0.0000729 seconds, Stopping threads took: 0.0000215 seconds
2018-04-26T10:55:00.005+0200: 4.133: Total time for which application threads were stopped: 0.0000529 seconds, Stopping threads took: 0.0000143 seconds
2018-04-26T10:55:00.005+0200: 4.133: Total time for which application threads were stopped: 0.0000491 seconds, Stopping threads took: 0.0000109 seconds
2018-04-26T10:55:00.006+0200: 4.133: Total time for which application threads were stopped: 0.0000627 seconds, Stopping threads took: 0.0000162 seconds
2018-04-26T10:55:00.006+0200: 4.133: Total time for which application threads were stopped: 0.0000551 seconds, Stopping threads took: 0.0000113 seconds
2018-04-26T10:55:00.007+0200: 4.134: Total time for which application threads were stopped: 0.0007083 seconds, Stopping threads took: 0.0006026 seconds
2018-04-26T10:55:00.007+0200: 4.134: Total time for which application threads were stopped: 0.0000906 seconds, Stopping threads took: 0.0000336 seconds
2018-04-26T10:55:00.007+0200: 4.135: Total time for which application threads were stopped: 0.0000744 seconds, Stopping threads took: 0.0000136 seconds
2018-04-26T10:55:00.008+0200: 4.136: Total time for which application threads were stopped: 0.0002311 seconds, Stopping threads took: 0.0000525 seconds
2018-04-26T10:55:00.008+0200: 4.136: Total time for which application threads were stopped: 0.0000899 seconds, Stopping threads took: 0.0000185 seconds
2018-04-26T10:55:00.008+0200: 4.136: Total time for which application threads were stopped: 0.0000906 seconds, Stopping threads took: 0.0000276 seconds
2018-04-26T10:55:00.008+0200: 4.136: Total time for which application threads were stopped: 0.0000547 seconds, Stopping threads took: 0.0000098 seconds
2018-04-26T10:55:00.009+0200: 4.136: Total time for which application threads were stopped: 0.0001488 seconds, Stopping threads took: 0.0000102 seconds
2018-04-26T10:55:00.053+0200: 4.181: Total time for which application threads were stopped: 0.0003674 seconds, Stopping threads took: 0.0002851 seconds
2018-04-26T10:55:00.053+0200: 4.181: Total time for which application threads were stopped: 0.0000540 seconds, Stopping threads took: 0.0000162 seconds
2018-04-26T10:55:00.053+0200: 4.181: Total time for which application threads were stopped: 0.0000631 seconds, Stopping threads took: 0.0000121 seconds
2018-04-26T10:55:00.053+0200: 4.181: Total time for which application threads were stopped: 0.0000529 seconds, Stopping threads took: 0.0000102 seconds
2018-04-26T10:55:00.053+0200: 4.181: Total time for which application threads were stopped: 0.0000487 seconds, Stopping threads took: 0.0000094 seconds
2018-04-26T10:55:00.068+0200: 4.196: Total time for which application threads were stopped: 0.0001208 seconds, Stopping threads took: 0.0000298 seconds
2018-04-26T10:55:00.069+0200: 4.197: Total time for which application threads were stopped: 0.0001227 seconds, Stopping threads took: 0.0000340 seconds
2018-04-26T10:55:00.072+0200: 4.199: Total time for which application threads were stopped: 0.0010085 seconds, Stopping threads took: 0.0008632 seconds
2018-04-26T10:55:00.075+0200: 4.203: Total time for which application threads were stopped: 0.0001087 seconds, Stopping threads took: 0.0000257 seconds
2018-04-26T10:55:00.075+0200: 4.203: Total time for which application threads were stopped: 0.0000891 seconds, Stopping threads took: 0.0000170 seconds
2018-04-26T10:55:00.077+0200: 4.204: Total time for which application threads were stopped: 0.0001016 seconds, Stopping threads took: 0.0000381 seconds
2018-04-26T10:55:00.131+0200: 4.259: Total time for which application threads were stopped: 0.0184758 seconds, Stopping threads took: 0.0183210 seconds
2018-04-26T10:55:00.131+0200: 4.259: Total time for which application threads were stopped: 0.0001280 seconds, Stopping threads took: 0.0000238 seconds
2018-04-26T10:55:00.132+0200: 4.260: Total time for which application threads were stopped: 0.0001065 seconds, Stopping threads took: 0.0000378 seconds
2018-04-26T10:55:00.154+0200: 4.282: Total time for which application threads were stopped: 0.0003504 seconds, Stopping threads took: 0.0002326 seconds
2018-04-26T10:55:00.167+0200: 4.295: Total time for which application threads were stopped: 0.0001212 seconds, Stopping threads took: 0.0000313 seconds
2018-04-26T10:55:00.168+0200: 4.295: Total time for which application threads were stopped: 0.0001741 seconds, Stopping threads took: 0.0000200 seconds
2018-04-26T10:55:00.169+0200: 4.297: Total time for which application threads were stopped: 0.0001133 seconds, Stopping threads took: 0.0000325 seconds
2018-04-26T10:55:00.169+0200: 4.297: Total time for which application threads were stopped: 0.0000804 seconds, Stopping threads took: 0.0000193 seconds
2018-04-26T10:55:00.169+0200: 4.297: Total time for which application threads were stopped: 0.0000589 seconds, Stopping threads took: 0.0000170 seconds
2018-04-26T10:55:00.170+0200: 4.297: Total time for which application threads were stopped: 0.0001053 seconds, Stopping threads took: 0.0000264 seconds
2018-04-26T10:55:00.178+0200: 4.306: Total time for which application threads were stopped: 0.0001401 seconds, Stopping threads took: 0.0000325 seconds
2018-04-26T10:55:00.178+0200: 4.306: Total time for which application threads were stopped: 0.0000970 seconds, Stopping threads took: 0.0000257 seconds
2018-04-26T10:55:00.195+0200: 4.323: Total time for which application threads were stopped: 0.0001193 seconds, Stopping threads took: 0.0000264 seconds
2018-04-26T10:55:00.228+0200: 4.356: Total time for which application threads were stopped: 0.0001877 seconds, Stopping threads took: 0.0001076 seconds
2018-04-26T10:55:00.230+0200: 4.357: Total time for which application threads were stopped: 0.0001121 seconds, Stopping threads took: 0.0000276 seconds
2018-04-26T10:55:00.235+0200: 4.363: Total time for which application threads were stopped: 0.0001254 seconds, Stopping threads took: 0.0000279 seconds
2018-04-26T10:55:00.236+0200: 4.364: Total time for which application threads were stopped: 0.0001197 seconds, Stopping threads took: 0.0000189 seconds
2018-04-26T10:55:00.236+0200: 4.364: Total time for which application threads were stopped: 0.0000868 seconds, Stopping threads took: 0.0000242 seconds
2018-04-26T10:55:00.238+0200: 4.366: Total time for which application threads were stopped: 0.0001152 seconds, Stopping threads took: 0.0000242 seconds
2018-04-26T10:55:00.242+0200: 4.369: Total time for which application threads were stopped: 0.0001106 seconds, Stopping threads took: 0.0000298 seconds
2018-04-26T10:55:00.242+0200: 4.370: Total time for which application threads were stopped: 0.0000789 seconds, Stopping threads took: 0.0000215 seconds
2018-04-26T10:55:00.242+0200: 4.370: Total time for which application threads were stopped: 0.0000578 seconds, Stopping threads took: 0.0000147 seconds
2018-04-26T10:55:00.243+0200: 4.371: Total time for which application threads were stopped: 0.0000967 seconds, Stopping threads took: 0.0000347 seconds
2018-04-26T10:55:00.245+0200: 4.373: Total time for which application threads were stopped: 0.0001125 seconds, Stopping threads took: 0.0000302 seconds
2018-04-26T10:55:00.247+0200: 4.374: Total time for which application threads were stopped: 0.0000970 seconds, Stopping threads took: 0.0000249 seconds
2018-04-26T10:55:00.247+0200: 4.375: Total time for which application threads were stopped: 0.0000759 seconds, Stopping threads took: 0.0000185 seconds
2018-04-26T10:55:00.248+0200: 4.375: Total time for which application threads were stopped: 0.0001744 seconds, Stopping threads took: 0.0000261 seconds
2018-04-26T10:55:00.249+0200: 4.376: Total time for which application threads were stopped: 0.0000948 seconds, Stopping threads took: 0.0000279 seconds
2018-04-26T10:55:00.250+0200: 4.378: Total time for which application threads were stopped: 0.0005082 seconds, Stopping threads took: 0.0003228 seconds
2018-04-26T10:55:00.422+0200: 4.550: Total time for which application threads were stopped: 0.0050909 seconds, Stopping threads took: 0.0049826 seconds
2018-04-26T10:55:00.422+0200: 4.550: Total time for which application threads were stopped: 0.0000800 seconds, Stopping threads took: 0.0000174 seconds
2018-04-26T10:55:00.422+0200: 4.550: Total time for which application threads were stopped: 0.0000672 seconds, Stopping threads took: 0.0000166 seconds
2018-04-26T10:55:00.423+0200: 4.551: Total time for which application threads were stopped: 0.0001710 seconds, Stopping threads took: 0.0000755 seconds
2018-04-26T10:55:00.424+0200: 4.552: Total time for which application threads were stopped: 0.0004097 seconds, Stopping threads took: 0.0000196 seconds
2018-04-26T10:55:00.449+0200: 4.577: Total time for which application threads were stopped: 0.0001193 seconds, Stopping threads took: 0.0000325 seconds
2018-04-26T10:55:00.470+0200: 4.598: Total time for which application threads were stopped: 0.0004810 seconds, Stopping threads took: 0.0000264 seconds
{Heap before GC invocations=8 (full 1):
 par new generation   total 109248K, used 102920K [0x00000000e0000000, 0x00000000e8000000, 0x00000000e8000000)
  eden space 87424K, 100% used [0x00000000e0000000, 0x00000000e5560000, 0x00000000e5560000)
  from space 21824K,  71% used [0x00000000e5560000, 0x00000000e64822b8, 0x00000000e6ab0000)
  to   space 21824K,   0% used [0x00000000e6ab0000, 0x00000000e6ab0000, 0x00000000e8000000)
 concurrent mark-sweep generation total 393216K, used 0K [0x00000000e8000000, 0x0000000100000000, 0x0000000100000000)
 Metaspace       used 31979K, capacity 32972K, committed 33040K, reserved 1079296K
  class space    used 3882K, capacity 4126K, committed 4172K, reserved 1048576K
2018-04-26T10:55:00.485+0200: 4.613: [GC (Allocation Failure) 2018-04-26T10:55:00.485+0200: 4.613: [ParNew
Desired survivor size 20112992 bytes, new threshold 8 (max 8)
- age   1:    7652376 bytes,    7652376 total
- age   2:    1657024 bytes,    9309400 total
- age   3:     117096 bytes,    9426496 total
- age   4:     368224 bytes,    9794720 total
- age   5:     243872 bytes,   10038592 total
- age   6:     723472 bytes,   10762064 total
- age   7:       5088 bytes,   10767152 total
- age   8:    4305032 bytes,   15072184 total
: 102920K->19763K(109248K), 0.0213768 secs] 102920K->24305K(502464K), 0.0215165 secs] [Times: user=0.06 sys=0.00, real=0.02 secs] 
Heap after GC invocations=9 (full 1):
 par new generation   total 109248K, used 19763K [0x00000000e0000000, 0x00000000e8000000, 0x00000000e8000000)
  eden space 87424K,   0% used [0x00000000e0000000, 0x00000000e0000000, 0x00000000e5560000)
  from space 21824K,  90% used [0x00000000e6ab0000, 0x00000000e7dfcd30, 0x00000000e8000000)
  to   space 21824K,   0% used [0x00000000e5560000, 0x00000000e5560000, 0x00000000e6ab0000)
 concurrent mark-sweep generation total 393216K, used 4542K [0x00000000e8000000, 0x0000000100000000, 0x0000000100000000)
 Metaspace       used 31979K, capacity 32972K, committed 33040K, reserved 1079296K
  class space    used 3882K, capacity 4126K, committed 4172K, reserved 1048576K
}
2018-04-26T10:55:00.506+0200: 4.635: Total time for which application threads were stopped: 0.0217170 seconds, Stopping threads took: 0.0000344 seconds
2018-04-26T10:55:00.554+0200: 4.682: Total time for which application threads were stopped: 0.0004289 seconds, Stopping threads took: 0.0000336 seconds
2018-04-26T10:55:00.554+0200: 4.682: Total time for which application threads were stopped: 0.0000925 seconds, Stopping threads took: 0.0000200 seconds
2018-04-26T10:55:00.625+0200: 4.753: Total time for which application threads were stopped: 0.0092421 seconds, Stopping threads took: 0.0087421 seconds
2018-04-26T10:55:00.638+0200: 4.766: Total time for which application threads were stopped: 0.0013095 seconds, Stopping threads took: 0.0008552 seconds
2018-04-26T10:55:00.709+0200: 4.837: Total time for which application threads were stopped: 0.0006196 seconds, Stopping threads took: 0.0001979 seconds
2018-04-26T10:55:00.895+0200: 5.023: Total time for which application threads were stopped: 0.0001216 seconds, Stopping threads took: 0.0000295 seconds
2018-04-26T10:55:00.896+0200: 5.024: Total time for which application threads were stopped: 0.0001344 seconds, Stopping threads took: 0.0000631 seconds
2018-04-26T10:55:00.897+0200: 5.025: Total time for which application threads were stopped: 0.0000997 seconds, Stopping threads took: 0.0000283 seconds
2018-04-26T10:55:00.901+0200: 5.029: Total time for which application threads were stopped: 0.0002556 seconds, Stopping threads took: 0.0001703 seconds
2018-04-26T10:55:00.906+0200: 5.034: Total time for which application threads were stopped: 0.0033148 seconds, Stopping threads took: 0.0032427 seconds
2018-04-26T10:55:00.907+0200: 5.035: Total time for which application threads were stopped: 0.0001057 seconds, Stopping threads took: 0.0000408 seconds
2018-04-26T10:55:00.908+0200: 5.036: Total time for which application threads were stopped: 0.0002488 seconds, Stopping threads took: 0.0001744 seconds
2018-04-26T10:55:00.921+0200: 5.049: Total time for which application threads were stopped: 0.0002152 seconds, Stopping threads took: 0.0000257 seconds
2018-04-26T10:55:00.948+0200: 5.076: Total time for which application threads were stopped: 0.0001337 seconds, Stopping threads took: 0.0000340 seconds
2018-04-26T10:55:01.949+0200: 6.077: Total time for which application threads were stopped: 0.0001971 seconds, Stopping threads took: 0.0000381 seconds
2018-04-26T10:55:53.970+0200: 58.098: Total time for which application threads were stopped: 0.0001805 seconds, Stopping threads took: 0.0000472 seconds
2018-04-26T10:56:15.982+0200: 80.110: Total time for which application threads were stopped: 0.0001186 seconds, Stopping threads took: 0.0000378 seconds
2018-04-26T10:56:37.991+0200: 102.118: Total time for which application threads were stopped: 0.0000906 seconds, Stopping threads took: 0.0000253 seconds
2018-04-26T10:56:48.997+0200: 113.125: Total time for which application threads were stopped: 0.0001854 seconds, Stopping threads took: 0.0000510 seconds
2018-04-26T10:57:00.002+0200: 124.130: Total time for which application threads were stopped: 0.0002451 seconds, Stopping threads took: 0.0000638 seconds
2018-04-26T10:57:11.006+0200: 135.134: Total time for which application threads were stopped: 0.0001733 seconds, Stopping threads took: 0.0000529 seconds
2018-04-26T10:57:33.014+0200: 157.142: Total time for which application threads were stopped: 0.0001858 seconds, Stopping threads took: 0.0000419 seconds
2018-04-26T10:57:55.023+0200: 179.151: Total time for which application threads were stopped: 0.0000963 seconds, Stopping threads took: 0.0000344 seconds
2018-04-26T10:58:39.044+0200: 223.172: Total time for which application threads were stopped: 0.0000759 seconds, Stopping threads took: 0.0000253 seconds
2018-04-26T10:59:01.054+0200: 245.182: Total time for which application threads were stopped: 0.0001027 seconds, Stopping threads took: 0.0000287 seconds
2018-04-26T10:59:23.066+0200: 267.193: Total time for which application threads were stopped: 0.0000940 seconds, Stopping threads took: 0.0000268 seconds
2018-04-26T10:59:44.072+0200: 288.200: Total time for which application threads were stopped: 0.0000725 seconds, Stopping threads took: 0.0000219 seconds
2018-04-26T10:59:55.078+0200: 299.206: Total time for which application threads were stopped: 0.0001371 seconds, Stopping threads took: 0.0000355 seconds
2018-04-26T11:00:06.084+0200: 310.212: Total time for which application threads were stopped: 0.0001152 seconds, Stopping threads took: 0.0000332 seconds
2018-04-26T11:00:17.091+0200: 321.219: Total time for which application threads were stopped: 0.0002103 seconds, Stopping threads took: 0.0000472 seconds
2018-04-26T11:00:28.097+0200: 332.225: Total time for which application threads were stopped: 0.0001707 seconds, Stopping threads took: 0.0000370 seconds
2018-04-26T11:01:12.118+0200: 376.246: Total time for which application threads were stopped: 0.0001106 seconds, Stopping threads took: 0.0000298 seconds
2018-04-26T11:01:22.123+0200: 386.251: Total time for which application threads were stopped: 0.0001744 seconds, Stopping threads took: 0.0000510 seconds
2018-04-26T11:01:33.126+0200: 397.254: Total time for which application threads were stopped: 0.0001994 seconds, Stopping threads took: 0.0000706 seconds
2018-04-26T11:01:55.133+0200: 419.261: Total time for which application threads were stopped: 0.0001522 seconds, Stopping threads took: 0.0000468 seconds
2018-04-26T11:02:28.149+0200: 452.276: Total time for which application threads were stopped: 0.0001760 seconds, Stopping threads took: 0.0000536 seconds
2018-04-26T11:03:12.170+0200: 496.298: Total time for which application threads were stopped: 0.0001710 seconds, Stopping threads took: 0.0000468 seconds
2018-04-26T11:03:23.177+0200: 507.304: Total time for which application threads were stopped: 0.0001873 seconds, Stopping threads took: 0.0000514 seconds
2018-04-26T11:03:33.183+0200: 517.310: Total time for which application threads were stopped: 0.0001072 seconds, Stopping threads took: 0.0000298 seconds
2018-04-26T11:03:55.191+0200: 539.318: Total time for which application threads were stopped: 0.0001907 seconds, Stopping threads took: 0.0000585 seconds
2018-04-26T11:05:22.240+0200: 626.368: Total time for which application threads were stopped: 0.0000853 seconds, Stopping threads took: 0.0000253 seconds
2018-04-26T11:05:22.396+0200: 626.525: Total time for which application threads were stopped: 0.0000876 seconds, Stopping threads took: 0.0000257 seconds
2018-04-26T11:05:22.397+0200: 626.525: Total time for which application threads were stopped: 0.0000695 seconds, Stopping threads took: 0.0000279 seconds
2018-04-26T11:05:22.397+0200: 626.525: Total time for which application threads were stopped: 0.0000581 seconds, Stopping threads took: 0.0000204 seconds
2018-04-26T11:05:22.397+0200: 626.525: Total time for which application threads were stopped: 0.0000899 seconds, Stopping threads took: 0.0000514 seconds
2018-04-26T11:05:22.397+0200: 626.525: Total time for which application threads were stopped: 0.0000702 seconds, Stopping threads took: 0.0000238 seconds
2018-04-26T11:05:22.399+0200: 626.527: Total time for which application threads were stopped: 0.0000683 seconds, Stopping threads took: 0.0000234 seconds
2018-04-26T11:05:22.399+0200: 626.527: Total time for which application threads were stopped: 0.0000438 seconds, Stopping threads took: 0.0000136 seconds
2018-04-26T11:05:22.399+0200: 626.528: Total time for which application threads were stopped: 0.0000502 seconds, Stopping threads took: 0.0000200 seconds
2018-04-26T11:05:22.399+0200: 626.528: Total time for which application threads were stopped: 0.0000547 seconds, Stopping threads took: 0.0000219 seconds
2018-04-26T11:05:22.400+0200: 626.528: Total time for which application threads were stopped: 0.0000442 seconds, Stopping threads took: 0.0000170 seconds
2018-04-26T11:05:22.400+0200: 626.528: Total time for which application threads were stopped: 0.0000521 seconds, Stopping threads took: 0.0000211 seconds
2018-04-26T11:05:22.400+0200: 626.528: Total time for which application threads were stopped: 0.0000446 seconds, Stopping threads took: 0.0000166 seconds
2018-04-26T11:05:22.400+0200: 626.528: Total time for which application threads were stopped: 0.0000396 seconds, Stopping threads took: 0.0000143 seconds
2018-04-26T11:05:23.400+0200: 627.528: Total time for which application threads were stopped: 0.0001231 seconds, Stopping threads took: 0.0000279 seconds
2018-04-26T11:05:24.451+0200: 628.578: Total time for which application threads were stopped: 0.0000944 seconds, Stopping threads took: 0.0000310 seconds
2018-04-26T11:05:24.451+0200: 628.579: Total time for which application threads were stopped: 0.0000547 seconds, Stopping threads took: 0.0000189 seconds
2018-04-26T11:05:24.453+0200: 628.581: Total time for which application threads were stopped: 0.0000710 seconds, Stopping threads took: 0.0000298 seconds
2018-04-26T11:05:24.453+0200: 628.581: Total time for which application threads were stopped: 0.0000578 seconds, Stopping threads took: 0.0000185 seconds
2018-04-26T11:05:24.454+0200: 628.581: Total time for which application threads were stopped: 0.0000585 seconds, Stopping threads took: 0.0000223 seconds
2018-04-26T11:05:25.454+0200: 629.582: Total time for which application threads were stopped: 0.0001495 seconds, Stopping threads took: 0.0000321 seconds
2018-04-26T11:05:26.450+0200: 630.577: Total time for which application threads were stopped: 0.0001963 seconds, Stopping threads took: 0.0000219 seconds
{Heap before GC invocations=9 (full 1):
 par new generation   total 109248K, used 107187K [0x00000000e0000000, 0x00000000e8000000, 0x00000000e8000000)
  eden space 87424K, 100% used [0x00000000e0000000, 0x00000000e5560000, 0x00000000e5560000)
  from space 21824K,  90% used [0x00000000e6ab0000, 0x00000000e7dfcd30, 0x00000000e8000000)
  to   space 21824K,   0% used [0x00000000e5560000, 0x00000000e5560000, 0x00000000e6ab0000)
 concurrent mark-sweep generation total 393216K, used 4542K [0x00000000e8000000, 0x0000000100000000, 0x0000000100000000)
 Metaspace       used 35853K, capacity 36764K, committed 36880K, reserved 1081344K
  class space    used 4369K, capacity 4608K, committed 4684K, reserved 1048576K
2018-04-26T11:05:26.503+0200: 630.631: [GC (Allocation Failure) 2018-04-26T11:05:26.503+0200: 630.632: [ParNew
Desired survivor size 20112992 bytes, new threshold 8 (max 8)
- age   1:    7538984 bytes,    7538984 total
- age   2:    5345000 bytes,   12883984 total
- age   3:    1651792 bytes,   14535776 total
- age   4:     116192 bytes,   14651968 total
- age   5:     347304 bytes,   14999272 total
- age   6:     215664 bytes,   15214936 total
- age   7:     721288 bytes,   15936224 total
- age   8:       4976 bytes,   15941200 total
: 107187K->20947K(109248K), 0.0153324 secs] 111729K->29736K(502464K), 0.0154310 secs] [Times: user=0.06 sys=0.00, real=0.01 secs] 
Heap after GC invocations=10 (full 1):
 par new generation   total 109248K, used 20947K [0x00000000e0000000, 0x00000000e8000000, 0x00000000e8000000)
  eden space 87424K,   0% used [0x00000000e0000000, 0x00000000e0000000, 0x00000000e5560000)
  from space 21824K,  95% used [0x00000000e5560000, 0x00000000e69d4e38, 0x00000000e6ab0000)
  to   space 21824K,   0% used [0x00000000e6ab0000, 0x00000000e6ab0000, 0x00000000e8000000)
 concurrent mark-sweep generation total 393216K, used 8789K [0x00000000e8000000, 0x0000000100000000, 0x0000000100000000)
 Metaspace       used 35853K, capacity 36764K, committed 36880K, reserved 1081344K
  class space    used 4369K, capacity 4608K, committed 4684K, reserved 1048576K
}
2018-04-26T11:05:26.518+0200: 630.647: Total time for which application threads were stopped: 0.0156402 seconds, Stopping threads took: 0.0000253 seconds
2018-04-26T11:05:26.519+0200: 630.647: Total time for which application threads were stopped: 0.0001295 seconds, Stopping threads took: 0.0000585 seconds
2018-04-26T11:05:26.519+0200: 630.647: Total time for which application threads were stopped: 0.0000952 seconds, Stopping threads took: 0.0000223 seconds
2018-04-26T11:05:26.519+0200: 630.648: Total time for which application threads were stopped: 0.0000604 seconds, Stopping threads took: 0.0000253 seconds
2018-04-26T11:05:26.520+0200: 630.648: Total time for which application threads were stopped: 0.0003289 seconds, Stopping threads took: 0.0002590 seconds
2018-04-26T11:05:26.520+0200: 630.648: Total time for which application threads were stopped: 0.0000404 seconds, Stopping threads took: 0.0000162 seconds
2018-04-26T11:05:26.662+0200: 630.789: Total time for which application threads were stopped: 0.0002232 seconds, Stopping threads took: 0.0000608 seconds
{Heap before GC invocations=10 (full 1):
 par new generation   total 109248K, used 108371K [0x00000000e0000000, 0x00000000e8000000, 0x00000000e8000000)
  eden space 87424K, 100% used [0x00000000e0000000, 0x00000000e5560000, 0x00000000e5560000)
  from space 21824K,  95% used [0x00000000e5560000, 0x00000000e69d4e38, 0x00000000e6ab0000)
  to   space 21824K,   0% used [0x00000000e6ab0000, 0x00000000e6ab0000, 0x00000000e8000000)
 concurrent mark-sweep generation total 393216K, used 8789K [0x00000000e8000000, 0x0000000100000000, 0x0000000100000000)
 Metaspace       used 36079K, capacity 37012K, committed 37136K, reserved 1081344K
  class space    used 4395K, capacity 4644K, committed 4684K, reserved 1048576K
2018-04-26T11:05:26.685+0200: 630.813: [GC (Allocation Failure) 2018-04-26T11:05:26.685+0200: 630.813: [ParNew
Desired survivor size 20112992 bytes, new threshold 8 (max 8)
- age   1:     836960 bytes,     836960 total
- age   2:    3629792 bytes,    4466752 total
- age   3:    5314704 bytes,    9781456 total
- age   4:    1629760 bytes,   11411216 total
- age   5:     107464 bytes,   11518680 total
- age   6:     277160 bytes,   11795840 total
- age   7:     208912 bytes,   12004752 total
- age   8:     707976 bytes,   12712728 total
: 108371K->14614K(109248K), 0.0080210 secs] 117160K->23408K(502464K), 0.0081059 secs] [Times: user=0.00 sys=0.00, real=0.01 secs] 
Heap after GC invocations=11 (full 1):
 par new generation   total 109248K, used 14614K [0x00000000e0000000, 0x00000000e8000000, 0x00000000e8000000)
  eden space 87424K,   0% used [0x00000000e0000000, 0x00000000e0000000, 0x00000000e5560000)
  from space 21824K,  66% used [0x00000000e6ab0000, 0x00000000e78f5900, 0x00000000e8000000)
  to   space 21824K,   0% used [0x00000000e5560000, 0x00000000e5560000, 0x00000000e6ab0000)
 concurrent mark-sweep generation total 393216K, used 8794K [0x00000000e8000000, 0x0000000100000000, 0x0000000100000000)
 Metaspace       used 36079K, capacity 37012K, committed 37136K, reserved 1081344K
  class space    used 4395K, capacity 4644K, committed 4684K, reserved 1048576K
}
2018-04-26T11:05:26.693+0200: 630.821: Total time for which application threads were stopped: 0.0083151 seconds, Stopping threads took: 0.0000253 seconds
2018-04-26T11:05:26.716+0200: 630.844: Total time for which application threads were stopped: 0.0004893 seconds, Stopping threads took: 0.0004387 seconds
2018-04-26T11:05:26.716+0200: 630.844: Total time for which application threads were stopped: 0.0000774 seconds, Stopping threads took: 0.0000438 seconds
2018-04-26T11:05:26.716+0200: 630.844: Total time for which application threads were stopped: 0.0000563 seconds, Stopping threads took: 0.0000189 seconds
2018-04-26T11:05:26.716+0200: 630.844: Total time for which application threads were stopped: 0.0001446 seconds, Stopping threads took: 0.0000876 seconds
2018-04-26T11:05:26.716+0200: 630.845: Total time for which application threads were stopped: 0.0000408 seconds, Stopping threads took: 0.0000136 seconds
2018-04-26T11:05:26.717+0200: 630.845: Total time for which application threads were stopped: 0.0000748 seconds, Stopping threads took: 0.0000408 seconds
2018-04-26T11:05:26.717+0200: 630.845: Total time for which application threads were stopped: 0.0000491 seconds, Stopping threads took: 0.0000200 seconds
2018-04-26T11:05:26.718+0200: 630.846: Total time for which application threads were stopped: 0.0000691 seconds, Stopping threads took: 0.0000272 seconds
2018-04-26T11:05:26.734+0200: 630.862: Total time for which application threads were stopped: 0.0001095 seconds, Stopping threads took: 0.0000381 seconds
2018-04-26T11:05:26.735+0200: 630.863: Total time for which application threads were stopped: 0.0000933 seconds, Stopping threads took: 0.0000366 seconds
2018-04-26T11:05:26.735+0200: 630.863: Total time for which application threads were stopped: 0.0000944 seconds, Stopping threads took: 0.0000381 seconds
2018-04-26T11:05:26.736+0200: 630.864: Total time for which application threads were stopped: 0.0000653 seconds, Stopping threads took: 0.0000234 seconds
2018-04-26T11:05:26.736+0200: 630.864: Total time for which application threads were stopped: 0.0000721 seconds, Stopping threads took: 0.0000400 seconds
2018-04-26T11:05:26.736+0200: 630.864: Total time for which application threads were stopped: 0.0000476 seconds, Stopping threads took: 0.0000227 seconds
2018-04-26T11:05:26.736+0200: 630.864: Total time for which application threads were stopped: 0.0000374 seconds, Stopping threads took: 0.0000159 seconds
2018-04-26T11:05:26.736+0200: 630.864: Total time for which application threads were stopped: 0.0000430 seconds, Stopping threads took: 0.0000219 seconds
2018-04-26T11:05:26.736+0200: 630.864: Total time for which application threads were stopped: 0.0000313 seconds, Stopping threads took: 0.0000106 seconds
2018-04-26T11:05:26.736+0200: 630.864: Total time for which application threads were stopped: 0.0000434 seconds, Stopping threads took: 0.0000155 seconds
2018-04-26T11:05:26.736+0200: 630.864: Total time for which application threads were stopped: 0.0000351 seconds, Stopping threads took: 0.0000125 seconds
2018-04-26T11:05:26.736+0200: 630.864: Total time for which application threads were stopped: 0.0000362 seconds, Stopping threads took: 0.0000125 seconds
2018-04-26T11:05:26.736+0200: 630.864: Total time for which application threads were stopped: 0.0000355 seconds, Stopping threads took: 0.0000132 seconds
2018-04-26T11:05:26.736+0200: 630.864: Total time for which application threads were stopped: 0.0000412 seconds, Stopping threads took: 0.0000174 seconds
2018-04-26T11:05:26.736+0200: 630.864: Total time for which application threads were stopped: 0.0000442 seconds, Stopping threads took: 0.0000162 seconds
2018-04-26T11:05:26.736+0200: 630.865: Total time for which application threads were stopped: 0.0000393 seconds, Stopping threads took: 0.0000162 seconds
2018-04-26T11:05:26.737+0200: 630.865: Total time for which application threads were stopped: 0.0000366 seconds, Stopping threads took: 0.0000143 seconds
2018-04-26T11:05:26.737+0200: 630.865: Total time for which application threads were stopped: 0.0000419 seconds, Stopping threads took: 0.0000177 seconds
2018-04-26T11:05:26.737+0200: 630.865: Total time for which application threads were stopped: 0.0000359 seconds, Stopping threads took: 0.0000143 seconds
2018-04-26T11:05:26.738+0200: 630.866: Total time for which application threads were stopped: 0.0000699 seconds, Stopping threads took: 0.0000264 seconds
2018-04-26T11:05:26.738+0200: 630.866: Total time for which application threads were stopped: 0.0000430 seconds, Stopping threads took: 0.0000136 seconds
2018-04-26T11:05:26.738+0200: 630.866: Total time for which application threads were stopped: 0.0000302 seconds, Stopping threads took: 0.0000106 seconds
2018-04-26T11:05:26.738+0200: 630.866: Total time for which application threads were stopped: 0.0001276 seconds, Stopping threads took: 0.0000106 seconds
2018-04-26T11:05:26.738+0200: 630.866: Total time for which application threads were stopped: 0.0000785 seconds, Stopping threads took: 0.0000219 seconds
2018-04-26T11:05:26.745+0200: 630.873: Total time for which application threads were stopped: 0.0000714 seconds, Stopping threads took: 0.0000223 seconds
2018-04-26T11:05:26.745+0200: 630.873: Total time for which application threads were stopped: 0.0000442 seconds, Stopping threads took: 0.0000147 seconds
2018-04-26T11:05:26.808+0200: 630.936: Total time for which application threads were stopped: 0.0001223 seconds, Stopping threads took: 0.0000393 seconds
2018-04-26T11:05:26.808+0200: 630.936: Total time for which application threads were stopped: 0.0000566 seconds, Stopping threads took: 0.0000219 seconds
2018-04-26T11:05:26.808+0200: 630.936: Total time for which application threads were stopped: 0.0000385 seconds, Stopping threads took: 0.0000113 seconds
2018-04-26T11:05:26.808+0200: 630.936: Total time for which application threads were stopped: 0.0000423 seconds, Stopping threads took: 0.0000136 seconds
2018-04-26T11:05:26.809+0200: 630.936: Total time for which application threads were stopped: 0.0000430 seconds, Stopping threads took: 0.0000162 seconds
2018-04-26T11:05:26.809+0200: 630.937: Total time for which application threads were stopped: 0.0000623 seconds, Stopping threads took: 0.0000261 seconds
2018-04-26T11:05:26.809+0200: 630.937: Total time for which application threads were stopped: 0.0000404 seconds, Stopping threads took: 0.0000155 seconds
2018-04-26T11:05:26.809+0200: 630.937: Total time for which application threads were stopped: 0.0000457 seconds, Stopping threads took: 0.0000151 seconds
2018-04-26T11:05:27.833+0200: 631.961: Total time for which application threads were stopped: 0.0001095 seconds, Stopping threads took: 0.0000257 seconds
2018-04-26T11:05:27.833+0200: 631.961: Total time for which application threads were stopped: 0.0000710 seconds, Stopping threads took: 0.0000227 seconds
2018-04-26T11:05:27.833+0200: 631.962: Total time for which application threads were stopped: 0.0000483 seconds, Stopping threads took: 0.0000121 seconds
2018-04-26T11:05:28.833+0200: 632.961: Total time for which application threads were stopped: 0.0001427 seconds, Stopping threads took: 0.0000366 seconds
2018-04-26T11:05:30.025+0200: 634.154: Total time for which application threads were stopped: 0.0000800 seconds, Stopping threads took: 0.0000230 seconds
2018-04-26T11:05:30.025+0200: 634.154: Total time for which application threads were stopped: 0.0000559 seconds, Stopping threads took: 0.0000147 seconds
2018-04-26T11:05:30.025+0200: 634.154: Total time for which application threads were stopped: 0.0000536 seconds, Stopping threads took: 0.0000140 seconds
2018-04-26T11:05:30.025+0200: 634.154: Total time for which application threads were stopped: 0.0000559 seconds, Stopping threads took: 0.0000185 seconds
2018-04-26T11:05:30.025+0200: 634.154: Total time for which application threads were stopped: 0.0000415 seconds, Stopping threads took: 0.0000113 seconds
2018-04-26T11:05:30.029+0200: 634.157: Total time for which application threads were stopped: 0.0000865 seconds, Stopping threads took: 0.0000310 seconds
2018-04-26T11:05:30.029+0200: 634.157: Total time for which application threads were stopped: 0.0001337 seconds, Stopping threads took: 0.0000151 seconds
2018-04-26T11:05:30.031+0200: 634.159: Total time for which application threads were stopped: 0.0001072 seconds, Stopping threads took: 0.0000332 seconds
2018-04-26T11:05:30.056+0200: 634.184: Total time for which application threads were stopped: 0.0001129 seconds, Stopping threads took: 0.0000257 seconds
2018-04-26T11:05:30.056+0200: 634.184: Total time for which application threads were stopped: 0.0000827 seconds, Stopping threads took: 0.0000162 seconds
2018-04-26T11:05:30.056+0200: 634.184: Total time for which application threads were stopped: 0.0000717 seconds, Stopping threads took: 0.0000132 seconds
2018-04-26T11:05:30.056+0200: 634.184: Total time for which application threads were stopped: 0.0000974 seconds, Stopping threads took: 0.0000427 seconds
2018-04-26T11:05:30.056+0200: 634.184: Total time for which application threads were stopped: 0.0000702 seconds, Stopping threads took: 0.0000162 seconds
2018-04-26T11:05:30.056+0200: 634.184: Total time for which application threads were stopped: 0.0000740 seconds, Stopping threads took: 0.0000151 seconds
2018-04-26T11:05:30.056+0200: 634.184: Total time for which application threads were stopped: 0.0000657 seconds, Stopping threads took: 0.0000162 seconds
2018-04-26T11:05:31.057+0200: 635.185: Total time for which application threads were stopped: 0.0001699 seconds, Stopping threads took: 0.0000374 seconds
2018-04-26T11:05:32.484+0200: 636.611: Total time for which application threads were stopped: 0.0004765 seconds, Stopping threads took: 0.0000249 seconds
2018-04-26T11:05:32.570+0200: 636.698: Total time for which application threads were stopped: 0.0000989 seconds, Stopping threads took: 0.0000208 seconds
2018-04-26T11:05:33.570+0200: 637.698: Total time for which application threads were stopped: 0.0002643 seconds, Stopping threads took: 0.0000646 seconds
2018-04-26T11:05:42.221+0200: 646.349: Total time for which application threads were stopped: 0.0001231 seconds, Stopping threads took: 0.0000351 seconds
2018-04-26T11:05:42.222+0200: 646.350: Total time for which application threads were stopped: 0.0001038 seconds, Stopping threads took: 0.0000242 seconds
2018-04-26T11:05:42.222+0200: 646.350: Total time for which application threads were stopped: 0.0000702 seconds, Stopping threads took: 0.0000128 seconds
2018-04-26T11:05:42.222+0200: 646.350: Total time for which application threads were stopped: 0.0000540 seconds, Stopping threads took: 0.0000106 seconds
2018-04-26T11:05:42.222+0200: 646.350: Total time for which application threads were stopped: 0.0000457 seconds, Stopping threads took: 0.0000087 seconds
2018-04-26T11:05:42.222+0200: 646.350: Total time for which application threads were stopped: 0.0000536 seconds, Stopping threads took: 0.0000106 seconds
2018-04-26T11:05:42.222+0200: 646.350: Total time for which application threads were stopped: 0.0000850 seconds, Stopping threads took: 0.0000245 seconds
2018-04-26T11:05:42.222+0200: 646.350: Total time for which application threads were stopped: 0.0000623 seconds, Stopping threads took: 0.0000109 seconds
2018-04-26T11:05:42.222+0200: 646.350: Total time for which application threads were stopped: 0.0000521 seconds, Stopping threads took: 0.0000087 seconds
2018-04-26T11:05:42.223+0200: 646.351: Total time for which application threads were stopped: 0.0000985 seconds, Stopping threads took: 0.0000113 seconds
2018-04-26T11:05:42.223+0200: 646.351: Total time for which application threads were stopped: 0.0000597 seconds, Stopping threads took: 0.0000094 seconds
2018-04-26T11:05:42.223+0200: 646.351: Total time for which application threads were stopped: 0.0000819 seconds, Stopping threads took: 0.0000147 seconds
2018-04-26T11:05:42.225+0200: 646.353: Total time for which application threads were stopped: 0.0000721 seconds, Stopping threads took: 0.0000298 seconds
2018-04-26T11:05:43.226+0200: 647.353: Total time for which application threads were stopped: 0.0002277 seconds, Stopping threads took: 0.0000506 seconds
2018-04-26T11:05:44.669+0200: 648.797: Total time for which application threads were stopped: 0.0000793 seconds, Stopping threads took: 0.0000245 seconds
2018-04-26T11:05:45.365+0200: 649.493: Total time for which application threads were stopped: 0.0000676 seconds, Stopping threads took: 0.0000147 seconds
2018-04-26T11:05:45.373+0200: 649.501: Total time for which application threads were stopped: 0.0001642 seconds, Stopping threads took: 0.0000936 seconds
2018-04-26T11:05:45.382+0200: 649.511: Total time for which application threads were stopped: 0.0000789 seconds, Stopping threads took: 0.0000219 seconds
2018-04-26T11:05:45.382+0200: 649.511: Total time for which application threads were stopped: 0.0000808 seconds, Stopping threads took: 0.0000359 seconds
2018-04-26T11:05:45.382+0200: 649.511: Total time for which application threads were stopped: 0.0000498 seconds, Stopping threads took: 0.0000125 seconds
2018-04-26T11:05:45.382+0200: 649.511: Total time for which application threads were stopped: 0.0000366 seconds, Stopping threads took: 0.0000079 seconds
2018-04-26T11:05:45.382+0200: 649.511: Total time for which application threads were stopped: 0.0000362 seconds, Stopping threads took: 0.0000072 seconds
2018-04-26T11:05:45.382+0200: 649.511: Total time for which application threads were stopped: 0.0000362 seconds, Stopping threads took: 0.0000076 seconds
2018-04-26T11:05:45.382+0200: 649.511: Total time for which application threads were stopped: 0.0000351 seconds, Stopping threads took: 0.0000079 seconds
2018-04-26T11:05:45.382+0200: 649.511: Total time for which application threads were stopped: 0.0000521 seconds, Stopping threads took: 0.0000151 seconds
2018-04-26T11:05:45.383+0200: 649.511: Total time for which application threads were stopped: 0.0000498 seconds, Stopping threads took: 0.0000109 seconds
2018-04-26T11:05:45.383+0200: 649.511: Total time for which application threads were stopped: 0.0000419 seconds, Stopping threads took: 0.0000094 seconds
2018-04-26T11:05:45.383+0200: 649.511: Total time for which application threads were stopped: 0.0000396 seconds, Stopping threads took: 0.0000083 seconds
2018-04-26T11:05:45.383+0200: 649.511: Total time for which application threads were stopped: 0.0000491 seconds, Stopping threads took: 0.0000125 seconds
2018-04-26T11:05:45.383+0200: 649.511: Total time for which application threads were stopped: 0.0000344 seconds, Stopping threads took: 0.0000068 seconds
2018-04-26T11:05:45.383+0200: 649.512: Total time for which application threads were stopped: 0.0000279 seconds, Stopping threads took: 0.0000068 seconds
2018-04-26T11:05:45.383+0200: 649.512: Total time for which application threads were stopped: 0.0000351 seconds, Stopping threads took: 0.0000076 seconds
2018-04-26T11:05:45.383+0200: 649.512: Total time for which application threads were stopped: 0.0000351 seconds, Stopping threads took: 0.0000068 seconds
2018-04-26T11:05:45.383+0200: 649.512: Total time for which application threads were stopped: 0.0001276 seconds, Stopping threads took: 0.0000079 seconds
2018-04-26T11:05:45.383+0200: 649.512: Total time for which application threads were stopped: 0.0000555 seconds, Stopping threads took: 0.0000121 seconds
2018-04-26T11:05:45.483+0200: 649.611: Total time for which application threads were stopped: 0.0000997 seconds, Stopping threads took: 0.0000162 seconds
2018-04-26T11:05:45.487+0200: 649.615: Total time for which application threads were stopped: 0.0004210 seconds, Stopping threads took: 0.0000234 seconds
2018-04-26T11:05:45.503+0200: 649.631: Total time for which application threads were stopped: 0.0004542 seconds, Stopping threads took: 0.0000302 seconds
2018-04-26T11:05:45.514+0200: 649.642: Total time for which application threads were stopped: 0.0001061 seconds, Stopping threads took: 0.0000347 seconds
2018-04-26T11:05:45.529+0200: 649.657: Total time for which application threads were stopped: 0.0000831 seconds, Stopping threads took: 0.0000313 seconds
2018-04-26T11:05:45.538+0200: 649.666: Total time for which application threads were stopped: 0.0000631 seconds, Stopping threads took: 0.0000211 seconds
2018-04-26T11:05:45.553+0200: 649.681: Total time for which application threads were stopped: 0.0000831 seconds, Stopping threads took: 0.0000279 seconds
2018-04-26T11:05:45.579+0200: 649.707: Total time for which application threads were stopped: 0.0000755 seconds, Stopping threads took: 0.0000306 seconds
2018-04-26T11:05:45.584+0200: 649.713: Total time for which application threads were stopped: 0.0001605 seconds, Stopping threads took: 0.0000872 seconds
2018-04-26T11:05:45.595+0200: 649.723: Total time for which application threads were stopped: 0.0000729 seconds, Stopping threads took: 0.0000230 seconds
2018-04-26T11:05:46.340+0200: 650.468: Total time for which application threads were stopped: 0.0002624 seconds, Stopping threads took: 0.0001057 seconds
2018-04-26T11:05:46.490+0200: 650.618: Total time for which application threads were stopped: 0.0001903 seconds, Stopping threads took: 0.0000423 seconds
2018-04-26T11:05:46.669+0200: 650.797: Total time for which application threads were stopped: 0.0001137 seconds, Stopping threads took: 0.0000215 seconds
2018-04-26T11:05:46.691+0200: 650.819: [GC (CMS Initial Mark) [1 CMS-initial-mark: 8794K(393216K)] 61184K(502464K), 0.0079318 secs] [Times: user=0.06 sys=0.00, real=0.01 secs] 
2018-04-26T11:05:46.699+0200: 650.827: Total time for which application threads were stopped: 0.0080663 seconds, Stopping threads took: 0.0000261 seconds
2018-04-26T11:05:46.699+0200: 650.827: [CMS-concurrent-mark-start]
2018-04-26T11:05:46.704+0200: 650.832: [CMS-concurrent-mark: 0.005/0.005 secs] [Times: user=0.00 sys=0.00, real=0.01 secs] 
2018-04-26T11:05:46.704+0200: 650.832: [CMS-concurrent-preclean-start]
2018-04-26T11:05:46.706+0200: 650.834: [CMS-concurrent-preclean: 0.002/0.002 secs] [Times: user=0.00 sys=0.00, real=0.00 secs] 
2018-04-26T11:05:46.706+0200: 650.834: [CMS-concurrent-abortable-preclean-start]
2018-04-26T11:05:46.711+0200: 650.840: Total time for which application threads were stopped: 0.0000804 seconds, Stopping threads took: 0.0000196 seconds
2018-04-26T11:05:46.729+0200: 650.857: Total time for which application threads were stopped: 0.0000853 seconds, Stopping threads took: 0.0000253 seconds
2018-04-26T11:05:47.177+0200: 651.305: Total time for which application threads were stopped: 0.0000955 seconds, Stopping threads took: 0.0000200 seconds
2018-04-26T11:05:47.187+0200: 651.316: Total time for which application threads were stopped: 0.0001337 seconds, Stopping threads took: 0.0000317 seconds
2018-04-26T11:05:47.212+0200: 651.341: Total time for which application threads were stopped: 0.0000661 seconds, Stopping threads took: 0.0000174 seconds
2018-04-26T11:05:47.221+0200: 651.350: Total time for which application threads were stopped: 0.0000559 seconds, Stopping threads took: 0.0000147 seconds
2018-04-26T11:05:47.236+0200: 651.365: Total time for which application threads were stopped: 0.0000585 seconds, Stopping threads took: 0.0000159 seconds
2018-04-26T11:05:47.524+0200: 651.652: Total time for which application threads were stopped: 0.0001710 seconds, Stopping threads took: 0.0000362 seconds
2018-04-26T11:05:47.554+0200: 651.683: Total time for which application threads were stopped: 0.0000593 seconds, Stopping threads took: 0.0000151 seconds
2018-04-26T11:05:47.590+0200: 651.719: Total time for which application threads were stopped: 0.0000695 seconds, Stopping threads took: 0.0000193 seconds
2018-04-26T11:05:47.592+0200: 651.721: Total time for which application threads were stopped: 0.0000766 seconds, Stopping threads took: 0.0000230 seconds
2018-04-26T11:05:47.602+0200: 651.730: Total time for which application threads were stopped: 0.0000491 seconds, Stopping threads took: 0.0000151 seconds
2018-04-26T11:05:47.602+0200: 651.730: Total time for which application threads were stopped: 0.0000359 seconds, Stopping threads took: 0.0000102 seconds
2018-04-26T11:05:47.610+0200: 651.739: Total time for which application threads were stopped: 0.0000823 seconds, Stopping threads took: 0.0000219 seconds
2018-04-26T11:05:47.612+0200: 651.740: Total time for which application threads were stopped: 0.0000510 seconds, Stopping threads took: 0.0000151 seconds
2018-04-26T11:05:47.621+0200: 651.749: Total time for which application threads were stopped: 0.0004648 seconds, Stopping threads took: 0.0000143 seconds
2018-04-26T11:05:47.622+0200: 651.751: Total time for which application threads were stopped: 0.0004233 seconds, Stopping threads took: 0.0000151 seconds
2018-04-26T11:05:47.624+0200: 651.752: Total time for which application threads were stopped: 0.0000725 seconds, Stopping threads took: 0.0000166 seconds
2018-04-26T11:05:47.627+0200: 651.755: Total time for which application threads were stopped: 0.0000619 seconds, Stopping threads took: 0.0000177 seconds
2018-04-26T11:05:47.630+0200: 651.758: Total time for which application threads were stopped: 0.0000653 seconds, Stopping threads took: 0.0000140 seconds
2018-04-26T11:05:47.630+0200: 651.759: Total time for which application threads were stopped: 0.0000446 seconds, Stopping threads took: 0.0000136 seconds
2018-04-26T11:05:47.631+0200: 651.759: Total time for which application threads were stopped: 0.0000536 seconds, Stopping threads took: 0.0000162 seconds
2018-04-26T11:05:47.631+0200: 651.760: Total time for which application threads were stopped: 0.0000600 seconds, Stopping threads took: 0.0000245 seconds
2018-04-26T11:05:47.631+0200: 651.760: Total time for which application threads were stopped: 0.0000495 seconds, Stopping threads took: 0.0000193 seconds
2018-04-26T11:05:47.632+0200: 651.760: Total time for which application threads were stopped: 0.0000325 seconds, Stopping threads took: 0.0000083 seconds
2018-04-26T11:05:47.632+0200: 651.761: Total time for which application threads were stopped: 0.0000272 seconds, Stopping threads took: 0.0000068 seconds
2018-04-26T11:05:47.632+0200: 651.761: Total time for which application threads were stopped: 0.0000733 seconds, Stopping threads took: 0.0000174 seconds
2018-04-26T11:05:47.633+0200: 651.761: Total time for which application threads were stopped: 0.0000623 seconds, Stopping threads took: 0.0000208 seconds
2018-04-26T11:05:47.633+0200: 651.762: Total time for which application threads were stopped: 0.0000631 seconds, Stopping threads took: 0.0000242 seconds
2018-04-26T11:05:47.634+0200: 651.762: Total time for which application threads were stopped: 0.0000634 seconds, Stopping threads took: 0.0000249 seconds
2018-04-26T11:05:47.634+0200: 651.763: Total time for which application threads were stopped: 0.0000468 seconds, Stopping threads took: 0.0000125 seconds
2018-04-26T11:05:47.634+0200: 651.763: Total time for which application threads were stopped: 0.0000434 seconds, Stopping threads took: 0.0000170 seconds
2018-04-26T11:05:47.635+0200: 651.763: Total time for which application threads were stopped: 0.0000483 seconds, Stopping threads took: 0.0000136 seconds
2018-04-26T11:05:47.635+0200: 651.764: Total time for which application threads were stopped: 0.0000446 seconds, Stopping threads took: 0.0000185 seconds
2018-04-26T11:05:47.635+0200: 651.764: Total time for which application threads were stopped: 0.0000506 seconds, Stopping threads took: 0.0000249 seconds
2018-04-26T11:05:47.636+0200: 651.764: Total time for which application threads were stopped: 0.0000321 seconds, Stopping threads took: 0.0000098 seconds
2018-04-26T11:05:47.636+0200: 651.765: Total time for which application threads were stopped: 0.0000831 seconds, Stopping threads took: 0.0000087 seconds
2018-04-26T11:05:47.902+0200: 652.031: Total time for which application threads were stopped: 0.0002628 seconds, Stopping threads took: 0.0000412 seconds
2018-04-26T11:05:48.830+0200: 652.958: Total time for which application threads were stopped: 0.0001854 seconds, Stopping threads took: 0.0000321 seconds
2018-04-26T11:05:49.148+0200: 653.276: Total time for which application threads were stopped: 0.0000774 seconds, Stopping threads took: 0.0000223 seconds
2018-04-26T11:05:49.149+0200: 653.276: Total time for which application threads were stopped: 0.0000480 seconds, Stopping threads took: 0.0000121 seconds
2018-04-26T11:05:49.241+0200: 653.369: Total time for which application threads were stopped: 0.0001238 seconds, Stopping threads took: 0.0000313 seconds
{Heap before GC invocations=11 (full 2):
 par new generation   total 109248K, used 102038K [0x00000000e0000000, 0x00000000e8000000, 0x00000000e8000000)
  eden space 87424K, 100% used [0x00000000e0000000, 0x00000000e5560000, 0x00000000e5560000)
  from space 21824K,  66% used [0x00000000e6ab0000, 0x00000000e78f5900, 0x00000000e8000000)
  to   space 21824K,   0% used [0x00000000e5560000, 0x00000000e5560000, 0x00000000e6ab0000)
 concurrent mark-sweep generation total 393216K, used 8794K [0x00000000e8000000, 0x0000000100000000, 0x0000000100000000)
 Metaspace       used 45107K, capacity 46214K, committed 46484K, reserved 1089536K
  class space    used 5445K, capacity 5713K, committed 5780K, reserved 1048576K
2018-04-26T11:05:49.348+0200: 653.476: [GC (Allocation Failure) 2018-04-26T11:05:49.348+0200: 653.476: [ParNew
Desired survivor size 20112992 bytes, new threshold 5 (max 8)
- age   1:   11326064 bytes,   11326064 total
- age   2:     424848 bytes,   11750912 total
- age   3:    3592896 bytes,   15343808 total
- age   4:    3731928 bytes,   19075736 total
- age   5:    1628424 bytes,   20704160 total
- age   6:     107464 bytes,   20811624 total
- age   7:     277000 bytes,   21088624 total
- age   8:     208832 bytes,   21297456 total
: 102038K->21824K(109248K), 0.0150451 secs] 110832K->32133K(502464K), 0.0151512 secs] [Times: user=0.06 sys=0.00, real=0.01 secs] 
Heap after GC invocations=12 (full 2):
 par new generation   total 109248K, used 21824K [0x00000000e0000000, 0x00000000e8000000, 0x00000000e8000000)
  eden space 87424K,   0% used [0x00000000e0000000, 0x00000000e0000000, 0x00000000e5560000)
  from space 21824K, 100% used [0x00000000e5560000, 0x00000000e6ab0000, 0x00000000e6ab0000)
  to   space 21824K,   0% used [0x00000000e6ab0000, 0x00000000e6ab0000, 0x00000000e8000000)
 concurrent mark-sweep generation total 393216K, used 10309K [0x00000000e8000000, 0x0000000100000000, 0x0000000100000000)
 Metaspace       used 45107K, capacity 46214K, committed 46484K, reserved 1089536K
  class space    used 5445K, capacity 5713K, committed 5780K, reserved 1048576K
}
2018-04-26T11:05:49.363+0200: 653.491: Total time for which application threads were stopped: 0.0153849 seconds, Stopping threads took: 0.0000287 seconds
2018-04-26T11:05:49.371+0200: 653.499: Total time for which application threads were stopped: 0.0072397 seconds, Stopping threads took: 0.0071782 seconds
2018-04-26T11:05:49.371+0200: 653.499: Total time for which application threads were stopped: 0.0000627 seconds, Stopping threads took: 0.0000208 seconds
2018-04-26T11:05:49.371+0200: 653.499: Total time for which application threads were stopped: 0.0000446 seconds, Stopping threads took: 0.0000159 seconds
2018-04-26T11:05:49.383+0200: 653.511: Total time for which application threads were stopped: 0.0000993 seconds, Stopping threads took: 0.0000328 seconds
2018-04-26T11:05:49.460+0200: 653.587: Total time for which application threads were stopped: 0.0000804 seconds, Stopping threads took: 0.0000234 seconds
2018-04-26T11:05:49.470+0200: 653.597: Total time for which application threads were stopped: 0.0000921 seconds, Stopping threads took: 0.0000283 seconds
2018-04-26T11:05:49.472+0200: 653.600: Total time for which application threads were stopped: 0.0000680 seconds, Stopping threads took: 0.0000204 seconds
2018-04-26T11:05:49.473+0200: 653.600: Total time for which application threads were stopped: 0.0000529 seconds, Stopping threads took: 0.0000162 seconds
2018-04-26T11:05:49.473+0200: 653.600: Total time for which application threads were stopped: 0.0000344 seconds, Stopping threads took: 0.0000087 seconds
2018-04-26T11:05:49.473+0200: 653.601: Total time for which application threads were stopped: 0.0000555 seconds, Stopping threads took: 0.0000174 seconds
2018-04-26T11:05:49.473+0200: 653.601: Total time for which application threads were stopped: 0.0000385 seconds, Stopping threads took: 0.0000091 seconds
2018-04-26T11:05:50.474+0200: 654.601: Total time for which application threads were stopped: 0.0000793 seconds, Stopping threads took: 0.0000204 seconds
2018-04-26T11:05:51.474+0200: 655.602: Total time for which application threads were stopped: 0.0002432 seconds, Stopping threads took: 0.0000600 seconds
2018-04-26T11:05:52.653+0200: 656.781: Total time for which application threads were stopped: 0.0000868 seconds, Stopping threads took: 0.0000174 seconds
2018-04-26T11:05:52.657+0200: 656.785: Total time for which application threads were stopped: 0.0000793 seconds, Stopping threads took: 0.0000291 seconds
2018-04-26T11:05:52.657+0200: 656.785: Total time for which application threads were stopped: 0.0000525 seconds, Stopping threads took: 0.0000253 seconds
2018-04-26T11:05:52.657+0200: 656.785: Total time for which application threads were stopped: 0.0000355 seconds, Stopping threads took: 0.0000170 seconds
2018-04-26T11:05:52.657+0200: 656.785: Total time for which application threads were stopped: 0.0000328 seconds, Stopping threads took: 0.0000162 seconds
2018-04-26T11:05:52.657+0200: 656.785: Total time for which application threads were stopped: 0.0000317 seconds, Stopping threads took: 0.0000159 seconds
2018-04-26T11:05:52.657+0200: 656.785: Total time for which application threads were stopped: 0.0000838 seconds, Stopping threads took: 0.0000261 seconds
2018-04-26T11:05:52.660+0200: 656.788: Total time for which application threads were stopped: 0.0000842 seconds, Stopping threads took: 0.0000287 seconds
2018-04-26T11:05:52.663+0200: 656.790: Total time for which application threads were stopped: 0.0000827 seconds, Stopping threads took: 0.0000272 seconds
2018-04-26T11:05:52.663+0200: 656.791: Total time for which application threads were stopped: 0.0000661 seconds, Stopping threads took: 0.0000219 seconds
2018-04-26T11:05:52.663+0200: 656.791: Total time for which application threads were stopped: 0.0000310 seconds, Stopping threads took: 0.0000079 seconds
2018-04-26T11:05:52.663+0200: 656.791: Total time for which application threads were stopped: 0.0000276 seconds, Stopping threads took: 0.0000076 seconds
2018-04-26T11:05:52.663+0200: 656.791: Total time for which application threads were stopped: 0.0000295 seconds, Stopping threads took: 0.0000083 seconds
2018-04-26T11:05:52.663+0200: 656.791: Total time for which application threads were stopped: 0.0000506 seconds, Stopping threads took: 0.0000272 seconds
2018-04-26T11:05:52.663+0200: 656.791: Total time for which application threads were stopped: 0.0000298 seconds, Stopping threads took: 0.0000087 seconds
2018-04-26T11:05:52.663+0200: 656.791: Total time for which application threads were stopped: 0.0000291 seconds, Stopping threads took: 0.0000083 seconds
2018-04-26T11:05:52.663+0200: 656.791: Total time for which application threads were stopped: 0.0000283 seconds, Stopping threads took: 0.0000079 seconds
2018-04-26T11:05:52.663+0200: 656.791: Total time for which application threads were stopped: 0.0000310 seconds, Stopping threads took: 0.0000087 seconds
2018-04-26T11:05:52.663+0200: 656.791: Total time for which application threads were stopped: 0.0000589 seconds, Stopping threads took: 0.0000362 seconds
2018-04-26T11:05:52.663+0200: 656.791: Total time for which application threads were stopped: 0.0000385 seconds, Stopping threads took: 0.0000159 seconds
2018-04-26T11:05:52.663+0200: 656.791: Total time for which application threads were stopped: 0.0001306 seconds, Stopping threads took: 0.0000155 seconds
2018-04-26T11:05:52.668+0200: 656.796: Total time for which application threads were stopped: 0.0001016 seconds, Stopping threads took: 0.0000249 seconds
2018-04-26T11:05:52.676+0200: 656.804: Total time for which application threads were stopped: 0.0000615 seconds, Stopping threads took: 0.0000200 seconds
2018-04-26T11:05:52.677+0200: 656.805: Total time for which application threads were stopped: 0.0000967 seconds, Stopping threads took: 0.0000253 seconds
2018-04-26T11:05:52.680+0200: 656.808: Total time for which application threads were stopped: 0.0000985 seconds, Stopping threads took: 0.0000313 seconds
2018-04-26T11:05:52.691+0200: 656.819: Total time for which application threads were stopped: 0.0001046 seconds, Stopping threads took: 0.0000261 seconds
2018-04-26T11:05:52.695+0200: 656.823: Total time for which application threads were stopped: 0.0000680 seconds, Stopping threads took: 0.0000261 seconds
2018-04-26T11:05:52.748+0200: 656.876: Total time for which application threads were stopped: 0.0000891 seconds, Stopping threads took: 0.0000317 seconds
 CMS: abort preclean due to time 2018-04-26T11:05:52.754+0200: 656.882: [CMS-concurrent-abortable-preclean: 3.011/6.048 secs] [Times: user=6.70 sys=0.06, real=6.05 secs] 
2018-04-26T11:05:52.755+0200: 656.883: [GC (CMS Final Remark) [YG occupancy: 32531 K (109248 K)]{Heap before GC invocations=12 (full 2):
 par new generation   total 109248K, used 32531K [0x00000000e0000000, 0x00000000e8000000, 0x00000000e8000000)
  eden space 87424K,  12% used [0x00000000e0000000, 0x00000000e0a74d50, 0x00000000e5560000)
  from space 21824K, 100% used [0x00000000e5560000, 0x00000000e6ab0000, 0x00000000e6ab0000)
  to   space 21824K,   0% used [0x00000000e6ab0000, 0x00000000e6ab0000, 0x00000000e8000000)
 concurrent mark-sweep generation total 393216K, used 10309K [0x00000000e8000000, 0x0000000100000000, 0x0000000100000000)
 Metaspace       used 45594K, capacity 46735K, committed 47148K, reserved 1091584K
  class space    used 5513K, capacity 5820K, committed 5908K, reserved 1048576K
2018-04-26T11:05:52.755+0200: 656.883: [GC (CMS Final Remark) 2018-04-26T11:05:52.755+0200: 656.883: [ParNew
Desired survivor size 20112992 bytes, new threshold 8 (max 8)
- age   1:     549432 bytes,     549432 total
- age   2:    4222776 bytes,    4772208 total
- age   3:     424848 bytes,    5197056 total
- age   4:    3591672 bytes,    8788728 total
- age   5:    3731808 bytes,   12520536 total
: 32531K->20413K(109248K), 0.0133890 secs] 42840K->32921K(502464K), 0.0134510 secs] [Times: user=0.05 sys=0.00, real=0.01 secs] 
Heap after GC invocations=13 (full 2):
 par new generation   total 109248K, used 20413K [0x00000000e0000000, 0x00000000e8000000, 0x00000000e8000000)
  eden space 87424K,   0% used [0x00000000e0000000, 0x00000000e0000000, 0x00000000e5560000)
  from space 21824K,  93% used [0x00000000e6ab0000, 0x00000000e7e9f598, 0x00000000e8000000)
  to   space 21824K,   0% used [0x00000000e5560000, 0x00000000e5560000, 0x00000000e6ab0000)
 concurrent mark-sweep generation total 393216K, used 12508K [0x00000000e8000000, 0x0000000100000000, 0x0000000100000000)
 Metaspace       used 45594K, capacity 46735K, committed 47148K, reserved 1091584K
  class space    used 5513K, capacity 5820K, committed 5908K, reserved 1048576K
}
2018-04-26T11:05:52.769+0200: 656.896: [Rescan (parallel) , 0.0037056 secs]2018-04-26T11:05:52.772+0200: 656.900: [weak refs processing, 0.0002915 secs]2018-04-26T11:05:52.773+0200: 656.900: [class unloading, 0.0112474 secs]2018-04-26T11:05:52.784+0200: 656.912: [scrub symbol table, 0.0077151 secs]2018-04-26T11:05:52.792+0200: 656.919: [scrub string table, 0.0004584 secs][1 CMS-remark: 12508K(393216K)] 32921K(502464K), 0.0381149 secs] [Times: user=0.08 sys=0.00, real=0.04 secs] 
2018-04-26T11:05:52.793+0200: 656.921: Total time for which application threads were stopped: 0.0382403 seconds, Stopping threads took: 0.0000404 seconds
2018-04-26T11:05:52.795+0200: 656.923: Total time for which application threads were stopped: 0.0001491 seconds, Stopping threads took: 0.0000657 seconds
2018-04-26T11:05:52.795+0200: 656.923: [CMS-concurrent-sweep-start]
2018-04-26T11:05:52.795+0200: 656.923: Total time for which application threads were stopped: 0.0000865 seconds, Stopping threads took: 0.0000321 seconds
2018-04-26T11:05:52.795+0200: 656.923: Total time for which application threads were stopped: 0.0000646 seconds, Stopping threads took: 0.0000385 seconds
2018-04-26T11:05:52.795+0200: 656.923: Total time for which application threads were stopped: 0.0000370 seconds, Stopping threads took: 0.0000181 seconds
2018-04-26T11:05:52.795+0200: 656.923: Total time for which application threads were stopped: 0.0000412 seconds, Stopping threads took: 0.0000234 seconds
2018-04-26T11:05:52.795+0200: 656.923: Total time for which application threads were stopped: 0.0000453 seconds, Stopping threads took: 0.0000234 seconds
2018-04-26T11:05:52.798+0200: 656.926: Total time for which application threads were stopped: 0.0000733 seconds, Stopping threads took: 0.0000306 seconds
2018-04-26T11:05:52.798+0200: 656.926: Total time for which application threads were stopped: 0.0000461 seconds, Stopping threads took: 0.0000136 seconds
2018-04-26T11:05:52.799+0200: 656.927: Total time for which application threads were stopped: 0.0000585 seconds, Stopping threads took: 0.0000177 seconds
2018-04-26T11:05:52.799+0200: 656.928: Total time for which application threads were stopped: 0.0000721 seconds, Stopping threads took: 0.0000196 seconds
2018-04-26T11:05:52.800+0200: 656.928: Total time for which application threads were stopped: 0.0000532 seconds, Stopping threads took: 0.0000128 seconds
2018-04-26T11:05:52.800+0200: 656.928: Total time for which application threads were stopped: 0.0000566 seconds, Stopping threads took: 0.0000174 seconds
2018-04-26T11:05:52.801+0200: 656.929: [CMS-concurrent-sweep: 0.006/0.006 secs] [Times: user=0.00 sys=0.00, real=0.01 secs] 
2018-04-26T11:05:52.801+0200: 656.930: [CMS-concurrent-reset-start]
2018-04-26T11:05:52.802+0200: 656.930: Total time for which application threads were stopped: 0.0001295 seconds, Stopping threads took: 0.0000302 seconds
2018-04-26T11:05:52.802+0200: 656.930: [CMS-concurrent-reset: 0.001/0.001 secs] [Times: user=0.00 sys=0.00, real=0.00 secs] 
2018-04-26T11:05:53.434+0200: 657.562: Total time for which application threads were stopped: 0.0001193 seconds, Stopping threads took: 0.0000234 seconds
2018-04-26T11:05:53.864+0200: 657.993: Total time for which application threads were stopped: 0.0002194 seconds, Stopping threads took: 0.0001174 seconds
2018-04-26T11:05:53.864+0200: 657.993: Total time for which application threads were stopped: 0.0001027 seconds, Stopping threads took: 0.0000464 seconds
2018-04-26T11:05:54.335+0200: 658.463: Total time for which application threads were stopped: 0.0001911 seconds, Stopping threads took: 0.0000393 seconds
2018-04-26T11:05:55.335+0200: 659.463: Total time for which application threads were stopped: 0.0003572 seconds, Stopping threads took: 0.0000933 seconds
2018-04-26T11:05:55.672+0200: 659.800: Total time for which application threads were stopped: 0.0001053 seconds, Stopping threads took: 0.0000310 seconds
2018-04-26T11:05:55.672+0200: 659.800: Total time for which application threads were stopped: 0.0000952 seconds, Stopping threads took: 0.0000340 seconds
2018-04-26T11:05:55.673+0200: 659.800: Total time for which application threads were stopped: 0.0000736 seconds, Stopping threads took: 0.0000234 seconds
2018-04-26T11:05:55.673+0200: 659.800: Total time for which application threads were stopped: 0.0000766 seconds, Stopping threads took: 0.0000215 seconds
2018-04-26T11:05:55.797+0200: 659.925: Total time for which application threads were stopped: 0.0001257 seconds, Stopping threads took: 0.0000313 seconds
2018-04-26T11:05:55.797+0200: 659.925: Total time for which application threads were stopped: 0.0000804 seconds, Stopping threads took: 0.0000332 seconds
2018-04-26T11:05:55.797+0200: 659.925: Total time for which application threads were stopped: 0.0000487 seconds, Stopping threads took: 0.0000170 seconds
2018-04-26T11:05:55.798+0200: 659.926: Total time for which application threads were stopped: 0.0000672 seconds, Stopping threads took: 0.0000159 seconds
2018-04-26T11:05:55.798+0200: 659.926: Total time for which application threads were stopped: 0.0000627 seconds, Stopping threads took: 0.0000162 seconds
2018-04-26T11:05:55.798+0200: 659.926: Total time for which application threads were stopped: 0.0000619 seconds, Stopping threads took: 0.0000140 seconds
2018-04-26T11:05:55.798+0200: 659.926: Total time for which application threads were stopped: 0.0000517 seconds, Stopping threads took: 0.0000132 seconds
2018-04-26T11:05:55.798+0200: 659.926: Total time for which application threads were stopped: 0.0000374 seconds, Stopping threads took: 0.0000132 seconds
2018-04-26T11:05:55.798+0200: 659.926: Total time for which application threads were stopped: 0.0000344 seconds, Stopping threads took: 0.0000125 seconds
2018-04-26T11:05:55.799+0200: 659.927: Total time for which application threads were stopped: 0.0000536 seconds, Stopping threads took: 0.0000177 seconds
2018-04-26T11:05:55.813+0200: 659.942: Total time for which application threads were stopped: 0.0000808 seconds, Stopping threads took: 0.0000287 seconds
2018-04-26T11:05:56.814+0200: 660.942: Total time for which application threads were stopped: 0.0002050 seconds, Stopping threads took: 0.0000412 seconds
2018-04-26T11:05:57.814+0200: 661.942: Total time for which application threads were stopped: 0.0001839 seconds, Stopping threads took: 0.0000295 seconds
2018-04-26T11:05:58.814+0200: 662.942: Total time for which application threads were stopped: 0.0000865 seconds, Stopping threads took: 0.0000215 seconds
2018-04-26T11:07:30.854+0200: 754.981: Total time for which application threads were stopped: 0.0001144 seconds, Stopping threads took: 0.0000378 seconds
2018-04-26T11:07:31.854+0200: 755.982: Total time for which application threads were stopped: 0.0001084 seconds, Stopping threads took: 0.0000245 seconds
2018-04-26T11:10:45.585+0200: 949.713: Total time for which application threads were stopped: 0.0001533 seconds, Stopping threads took: 0.0000578 seconds
2018-04-26T11:13:49.636+0200: 1133.765: Total time for which application threads were stopped: 0.0001076 seconds, Stopping threads took: 0.0000325 seconds
2018-04-26T11:13:49.636+0200: 1133.765: Total time for which application threads were stopped: 0.0000699 seconds, Stopping threads took: 0.0000215 seconds
2018-04-26T11:13:49.637+0200: 1133.765: Total time for which application threads were stopped: 0.0000668 seconds, Stopping threads took: 0.0000174 seconds
2018-04-26T11:13:49.637+0200: 1133.765: Total time for which application threads were stopped: 0.0000642 seconds, Stopping threads took: 0.0000189 seconds
2018-04-26T11:13:49.637+0200: 1133.765: Total time for which application threads were stopped: 0.0000710 seconds, Stopping threads took: 0.0000223 seconds
2018-04-26T11:13:49.638+0200: 1133.766: Total time for which application threads were stopped: 0.0001121 seconds, Stopping threads took: 0.0000430 seconds
2018-04-26T11:13:49.638+0200: 1133.766: Total time for which application threads were stopped: 0.0000876 seconds, Stopping threads took: 0.0000185 seconds
2018-04-26T11:13:49.638+0200: 1133.766: Total time for which application threads were stopped: 0.0000570 seconds, Stopping threads took: 0.0000159 seconds
2018-04-26T11:13:49.638+0200: 1133.766: Total time for which application threads were stopped: 0.0000483 seconds, Stopping threads took: 0.0000106 seconds
2018-04-26T11:13:49.638+0200: 1133.766: Total time for which application threads were stopped: 0.0000687 seconds, Stopping threads took: 0.0000185 seconds
2018-04-26T11:13:49.638+0200: 1133.767: Total time for which application threads were stopped: 0.0000699 seconds, Stopping threads took: 0.0000185 seconds
2018-04-26T11:13:49.638+0200: 1133.767: Total time for which application threads were stopped: 0.0000631 seconds, Stopping threads took: 0.0000204 seconds
2018-04-26T11:13:49.638+0200: 1133.767: Total time for which application threads were stopped: 0.0000581 seconds, Stopping threads took: 0.0000170 seconds
2018-04-26T11:13:49.640+0200: 1133.768: Total time for which application threads were stopped: 0.0000850 seconds, Stopping threads took: 0.0000370 seconds
2018-04-26T11:13:50.641+0200: 1134.769: Total time for which application threads were stopped: 0.0001261 seconds, Stopping threads took: 0.0000257 seconds
{Heap before GC invocations=13 (full 2):
 par new generation   total 109248K, used 107837K [0x00000000e0000000, 0x00000000e8000000, 0x00000000e8000000)
  eden space 87424K, 100% used [0x00000000e0000000, 0x00000000e5560000, 0x00000000e5560000)
  from space 21824K,  93% used [0x00000000e6ab0000, 0x00000000e7e9f598, 0x00000000e8000000)
  to   space 21824K,   0% used [0x00000000e5560000, 0x00000000e5560000, 0x00000000e6ab0000)
 concurrent mark-sweep generation total 393216K, used 11836K [0x00000000e8000000, 0x0000000100000000, 0x0000000100000000)
 Metaspace       used 45621K, capacity 46759K, committed 47148K, reserved 1091584K
  class space    used 5509K, capacity 5808K, committed 5908K, reserved 1048576K
2018-04-26T11:13:51.586+0200: 1135.714: [GC (Allocation Failure) 2018-04-26T11:13:51.586+0200: 1135.714: [ParNew
Desired survivor size 20112992 bytes, new threshold 8 (max 8)
- age   1:    1786728 bytes,    1786728 total
- age   2:     170032 bytes,    1956760 total
- age   3:    4060304 bytes,    6017064 total
- age   4:     423848 bytes,    6440912 total
- age   5:    3562392 bytes,   10003304 total
- age   6:    3731848 bytes,   13735152 total
: 107837K->18239K(109248K), 0.0085881 secs] 119673K->30076K(502464K), 0.0086904 secs] [Times: user=0.06 sys=0.00, real=0.01 secs] 
Heap after GC invocations=14 (full 2):
 par new generation   total 109248K, used 18239K [0x00000000e0000000, 0x00000000e8000000, 0x00000000e8000000)
  eden space 87424K,   0% used [0x00000000e0000000, 0x00000000e0000000, 0x00000000e5560000)
  from space 21824K,  83% used [0x00000000e5560000, 0x00000000e672ff00, 0x00000000e6ab0000)
  to   space 21824K,   0% used [0x00000000e6ab0000, 0x00000000e6ab0000, 0x00000000e8000000)
 concurrent mark-sweep generation total 393216K, used 11836K [0x00000000e8000000, 0x0000000100000000, 0x0000000100000000)
 Metaspace       used 45621K, capacity 46759K, committed 47148K, reserved 1091584K
  class space    used 5509K, capacity 5808K, committed 5908K, reserved 1048576K
}
2018-04-26T11:13:51.595+0200: 1135.723: Total time for which application threads were stopped: 0.0089702 seconds, Stopping threads took: 0.0000272 seconds
2018-04-26T11:13:51.595+0200: 1135.723: Total time for which application threads were stopped: 0.0001348 seconds, Stopping threads took: 0.0000393 seconds
2018-04-26T11:13:51.595+0200: 1135.723: Total time for which application threads were stopped: 0.0001050 seconds, Stopping threads took: 0.0000249 seconds
2018-04-26T11:13:51.595+0200: 1135.723: Total time for which application threads were stopped: 0.0000891 seconds, Stopping threads took: 0.0000200 seconds
2018-04-26T11:13:51.658+0200: 1135.786: Total time for which application threads were stopped: 0.0001752 seconds, Stopping threads took: 0.0000317 seconds
2018-04-26T11:13:51.689+0200: 1135.817: Total time for which application threads were stopped: 0.0001235 seconds, Stopping threads took: 0.0000306 seconds
2018-04-26T11:13:51.689+0200: 1135.818: Total time for which application threads were stopped: 0.0000687 seconds, Stopping threads took: 0.0000234 seconds
2018-04-26T11:13:51.705+0200: 1135.833: Total time for which application threads were stopped: 0.0000982 seconds, Stopping threads took: 0.0000298 seconds
2018-04-26T11:13:51.705+0200: 1135.834: Total time for which application threads were stopped: 0.0000536 seconds, Stopping threads took: 0.0000125 seconds
2018-04-26T11:13:51.709+0200: 1135.838: Total time for which application threads were stopped: 0.0001778 seconds, Stopping threads took: 0.0000521 seconds
2018-04-26T11:13:51.718+0200: 1135.847: Total time for which application threads were stopped: 0.0001008 seconds, Stopping threads took: 0.0000325 seconds
2018-04-26T11:13:51.720+0200: 1135.848: Total time for which application threads were stopped: 0.0002356 seconds, Stopping threads took: 0.0001748 seconds
2018-04-26T11:13:51.759+0200: 1135.886: Total time for which application threads were stopped: 0.0001990 seconds, Stopping threads took: 0.0000332 seconds
2018-04-26T11:13:53.759+0200: 1137.887: Total time for which application threads were stopped: 0.0000902 seconds, Stopping threads took: 0.0000295 seconds
2018-04-26T11:13:55.052+0200: 1139.180: Total time for which application threads were stopped: 0.0000857 seconds, Stopping threads took: 0.0000242 seconds
2018-04-26T11:13:55.052+0200: 1139.180: Total time for which application threads were stopped: 0.0000563 seconds, Stopping threads took: 0.0000147 seconds
2018-04-26T11:13:55.052+0200: 1139.180: Total time for which application threads were stopped: 0.0000408 seconds, Stopping threads took: 0.0000132 seconds
2018-04-26T11:13:55.052+0200: 1139.180: Total time for which application threads were stopped: 0.0000340 seconds, Stopping threads took: 0.0000083 seconds
2018-04-26T11:13:55.061+0200: 1139.189: Total time for which application threads were stopped: 0.0001340 seconds, Stopping threads took: 0.0000340 seconds
2018-04-26T11:13:55.061+0200: 1139.189: Total time for which application threads were stopped: 0.0000899 seconds, Stopping threads took: 0.0000245 seconds
2018-04-26T11:13:55.062+0200: 1139.189: Total time for which application threads were stopped: 0.0000955 seconds, Stopping threads took: 0.0000230 seconds
2018-04-26T11:13:55.062+0200: 1139.189: Total time for which application threads were stopped: 0.0000729 seconds, Stopping threads took: 0.0000193 seconds
2018-04-26T11:13:55.062+0200: 1139.190: Total time for which application threads were stopped: 0.0000861 seconds, Stopping threads took: 0.0000272 seconds
2018-04-26T11:13:55.062+0200: 1139.190: Total time for which application threads were stopped: 0.0001080 seconds, Stopping threads took: 0.0000268 seconds
2018-04-26T11:13:55.063+0200: 1139.191: Total time for which application threads were stopped: 0.0002020 seconds, Stopping threads took: 0.0000208 seconds
2018-04-26T11:13:56.063+0200: 1140.191: Total time for which application threads were stopped: 0.0001858 seconds, Stopping threads took: 0.0000476 seconds
2018-04-26T11:13:57.027+0200: 1141.156: Total time for which application threads were stopped: 0.0000778 seconds, Stopping threads took: 0.0000200 seconds
2018-04-26T11:13:57.027+0200: 1141.156: Total time for which application threads were stopped: 0.0000525 seconds, Stopping threads took: 0.0000117 seconds
2018-04-26T11:13:57.028+0200: 1141.156: Total time for which application threads were stopped: 0.0000604 seconds, Stopping threads took: 0.0000211 seconds
2018-04-26T11:13:57.028+0200: 1141.156: Total time for which application threads were stopped: 0.0000464 seconds, Stopping threads took: 0.0000106 seconds
2018-04-26T11:13:57.028+0200: 1141.156: Total time for which application threads were stopped: 0.0000389 seconds, Stopping threads took: 0.0000087 seconds
2018-04-26T11:13:57.028+0200: 1141.156: Total time for which application threads were stopped: 0.0000400 seconds, Stopping threads took: 0.0000094 seconds
2018-04-26T11:13:57.028+0200: 1141.156: Total time for which application threads were stopped: 0.0000453 seconds, Stopping threads took: 0.0000155 seconds
2018-04-26T11:13:58.029+0200: 1142.157: Total time for which application threads were stopped: 0.0001371 seconds, Stopping threads took: 0.0000381 seconds
2018-04-26T11:13:58.810+0200: 1142.938: Total time for which application threads were stopped: 0.0001038 seconds, Stopping threads took: 0.0000238 seconds
2018-04-26T11:13:58.810+0200: 1142.938: Total time for which application threads were stopped: 0.0000593 seconds, Stopping threads took: 0.0000132 seconds
2018-04-26T11:13:58.811+0200: 1142.938: Total time for which application threads were stopped: 0.0000657 seconds, Stopping threads took: 0.0000132 seconds
2018-04-26T11:13:58.811+0200: 1142.938: Total time for which application threads were stopped: 0.0000487 seconds, Stopping threads took: 0.0000079 seconds
2018-04-26T11:13:58.811+0200: 1142.938: Total time for which application threads were stopped: 0.0000461 seconds, Stopping threads took: 0.0000094 seconds
2018-04-26T11:13:58.811+0200: 1142.939: Total time for which application threads were stopped: 0.0000638 seconds, Stopping threads took: 0.0000257 seconds
2018-04-26T11:13:58.811+0200: 1142.939: Total time for which application threads were stopped: 0.0000536 seconds, Stopping threads took: 0.0000076 seconds
2018-04-26T11:13:58.811+0200: 1142.939: Total time for which application threads were stopped: 0.0000729 seconds, Stopping threads took: 0.0000128 seconds
2018-04-26T11:13:58.841+0200: 1142.968: Total time for which application threads were stopped: 0.0001129 seconds, Stopping threads took: 0.0000404 seconds
2018-04-26T11:13:59.841+0200: 1143.969: Total time for which application threads were stopped: 0.0003319 seconds, Stopping threads took: 0.0000612 seconds
2018-04-26T11:14:00.548+0200: 1144.677: Total time for which application threads were stopped: 0.0000740 seconds, Stopping threads took: 0.0000193 seconds
2018-04-26T11:14:01.176+0200: 1145.304: Total time for which application threads were stopped: 0.0000929 seconds, Stopping threads took: 0.0000223 seconds
2018-04-26T11:14:01.190+0200: 1145.318: Total time for which application threads were stopped: 0.0001069 seconds, Stopping threads took: 0.0000472 seconds
2018-04-26T11:14:01.191+0200: 1145.319: Total time for which application threads were stopped: 0.0000699 seconds, Stopping threads took: 0.0000162 seconds
2018-04-26T11:14:01.191+0200: 1145.319: Total time for which application threads were stopped: 0.0000355 seconds, Stopping threads took: 0.0000091 seconds
2018-04-26T11:14:01.192+0200: 1145.320: Total time for which application threads were stopped: 0.0000699 seconds, Stopping threads took: 0.0000189 seconds
2018-04-26T11:14:01.192+0200: 1145.320: Total time for which application threads were stopped: 0.0000514 seconds, Stopping threads took: 0.0000098 seconds
2018-04-26T11:14:01.192+0200: 1145.320: Total time for which application threads were stopped: 0.0000332 seconds, Stopping threads took: 0.0000079 seconds
2018-04-26T11:14:01.192+0200: 1145.320: Total time for which application threads were stopped: 0.0000362 seconds, Stopping threads took: 0.0000083 seconds
2018-04-26T11:14:01.797+0200: 1145.925: Total time for which application threads were stopped: 0.0000850 seconds, Stopping threads took: 0.0000208 seconds
2018-04-26T11:14:02.555+0200: 1146.683: Total time for which application threads were stopped: 0.0002737 seconds, Stopping threads took: 0.0000933 seconds
2018-04-26T11:14:02.749+0200: 1146.878: Total time for which application threads were stopped: 0.0003372 seconds, Stopping threads took: 0.0001578 seconds
2018-04-26T11:14:02.750+0200: 1146.879: Total time for which application threads were stopped: 0.0001695 seconds, Stopping threads took: 0.0000434 seconds
2018-04-26T11:14:03.751+0200: 1147.879: Total time for which application threads were stopped: 0.0001155 seconds, Stopping threads took: 0.0000279 seconds
{Heap before GC invocations=14 (full 2):
 par new generation   total 109248K, used 105663K [0x00000000e0000000, 0x00000000e8000000, 0x00000000e8000000)
  eden space 87424K, 100% used [0x00000000e0000000, 0x00000000e5560000, 0x00000000e5560000)
  from space 21824K,  83% used [0x00000000e5560000, 0x00000000e672ff00, 0x00000000e6ab0000)
  to   space 21824K,   0% used [0x00000000e6ab0000, 0x00000000e6ab0000, 0x00000000e8000000)
 concurrent mark-sweep generation total 393216K, used 11836K [0x00000000e8000000, 0x0000000100000000, 0x0000000100000000)
 Metaspace       used 46097K, capacity 47289K, committed 47660K, reserved 1091584K
  class space    used 5542K, capacity 5853K, committed 5908K, reserved 1048576K
2018-04-26T11:14:04.150+0200: 1148.279: [GC (Allocation Failure) 2018-04-26T11:14:04.150+0200: 1148.279: [ParNew
Desired survivor size 20112992 bytes, new threshold 8 (max 8)
- age   1:    5386264 bytes,    5386264 total
- age   2:     978128 bytes,    6364392 total
- age   3:     141704 bytes,    6506096 total
- age   4:    2373672 bytes,    8879768 total
- age   5:     417440 bytes,    9297208 total
- age   6:    3537760 bytes,   12834968 total
- age   7:    3731800 bytes,   16566768 total
: 105663K->20172K(109248K), 0.0094203 secs] 117500K->32008K(502464K), 0.0095026 secs] [Times: user=0.00 sys=0.00, real=0.01 secs] 
Heap after GC invocations=15 (full 2):
 par new generation   total 109248K, used 20172K [0x00000000e0000000, 0x00000000e8000000, 0x00000000e8000000)
  eden space 87424K,   0% used [0x00000000e0000000, 0x00000000e0000000, 0x00000000e5560000)
  from space 21824K,  92% used [0x00000000e6ab0000, 0x00000000e7e63170, 0x00000000e8000000)
  to   space 21824K,   0% used [0x00000000e5560000, 0x00000000e5560000, 0x00000000e6ab0000)
 concurrent mark-sweep generation total 393216K, used 11836K [0x00000000e8000000, 0x0000000100000000, 0x0000000100000000)
 Metaspace       used 46097K, capacity 47289K, committed 47660K, reserved 1091584K
  class space    used 5542K, capacity 5853K, committed 5908K, reserved 1048576K
}
2018-04-26T11:14:04.160+0200: 1148.288: Total time for which application threads were stopped: 0.0096880 seconds, Stopping threads took: 0.0000295 seconds
2018-04-26T11:14:04.160+0200: 1148.289: Total time for which application threads were stopped: 0.0000929 seconds, Stopping threads took: 0.0000336 seconds
2018-04-26T11:14:04.160+0200: 1148.289: Total time for which application threads were stopped: 0.0000884 seconds, Stopping threads took: 0.0000468 seconds
2018-04-26T11:14:04.215+0200: 1148.343: Total time for which application threads were stopped: 0.0001352 seconds, Stopping threads took: 0.0000695 seconds
2018-04-26T11:14:04.217+0200: 1148.345: Total time for which application threads were stopped: 0.0000740 seconds, Stopping threads took: 0.0000257 seconds
2018-04-26T11:14:04.219+0200: 1148.347: Total time for which application threads were stopped: 0.0000929 seconds, Stopping threads took: 0.0000264 seconds
2018-04-26T11:14:04.219+0200: 1148.347: Total time for which application threads were stopped: 0.0000702 seconds, Stopping threads took: 0.0000177 seconds
2018-04-26T11:14:04.219+0200: 1148.347: Total time for which application threads were stopped: 0.0000785 seconds, Stopping threads took: 0.0000393 seconds
2018-04-26T11:14:04.219+0200: 1148.347: Total time for which application threads were stopped: 0.0000755 seconds, Stopping threads took: 0.0000204 seconds
2018-04-26T11:14:04.219+0200: 1148.347: Total time for which application threads were stopped: 0.0000566 seconds, Stopping threads took: 0.0000196 seconds
2018-04-26T11:14:05.220+0200: 1149.347: Total time for which application threads were stopped: 0.0000940 seconds, Stopping threads took: 0.0000242 seconds
2018-04-26T11:14:09.223+0200: 1153.351: Total time for which application threads were stopped: 0.0002821 seconds, Stopping threads took: 0.0000631 seconds
2018-04-26T11:14:22.227+0200: 1166.355: Total time for which application threads were stopped: 0.0002839 seconds, Stopping threads took: 0.0000755 seconds
2018-04-26T11:14:31.233+0200: 1175.360: Total time for which application threads were stopped: 0.0002243 seconds, Stopping threads took: 0.0000642 seconds
2018-04-26T11:14:41.982+0200: 1186.110: Total time for which application threads were stopped: 0.0000925 seconds, Stopping threads took: 0.0000234 seconds
2018-04-26T11:14:41.997+0200: 1186.125: Total time for which application threads were stopped: 0.0005769 seconds, Stopping threads took: 0.0000211 seconds
2018-04-26T11:14:42.000+0200: 1186.129: Total time for which application threads were stopped: 0.0005313 seconds, Stopping threads took: 0.0000249 seconds
2018-04-26T11:14:42.002+0200: 1186.130: Total time for which application threads were stopped: 0.0000884 seconds, Stopping threads took: 0.0000325 seconds
2018-04-26T11:14:56.584+0200: 1200.712: Total time for which application threads were stopped: 0.0005988 seconds, Stopping threads took: 0.0000287 seconds
2018-04-26T11:15:45.586+0200: 1249.714: Total time for which application threads were stopped: 0.0001238 seconds, Stopping threads took: 0.0000378 seconds
2018-04-26T11:16:24.603+0200: 1288.731: Total time for which application threads were stopped: 0.0001061 seconds, Stopping threads took: 0.0000351 seconds
2018-04-26T11:16:37.077+0200: 1301.206: Total time for which application threads were stopped: 0.0001065 seconds, Stopping thread